{
  "cells": [
    {
      "condition": "easy",
      "mode": "cheap",
      "n": 512,
      "successes": 470,
      "mean_utility": 0.894263671875,
      "mean_cost": 0.023705078125,
      "mean_work_units": 0.0,
      "mean_steps": 11.693359375,
      "mean_observations": 4.91796875,
      "mean_travel_distance": 7.09375,
      "mean_controller_cpu_seconds": 3.89879062499981e-05,
      "mean_solver_cpu_seconds": 0.0,
      "mean_episode_wall_seconds": 0.00039286831724894,
      "solver_calls": 0
    },
    {
      "condition": "easy",
      "mode": "always_tool",
      "n": 512,
      "successes": 512,
      "mean_utility": 0.9712024609375,
      "mean_cost": 0.028797539062500002,
      "mean_work_units": 19.79296875,
      "mean_steps": 17.0,
      "mean_observations": 5.0,
      "mean_travel_distance": 6.599609375,
      "mean_controller_cpu_seconds": 0.00023091149999999593,
      "mean_solver_cpu_seconds": 0.0012639155937500077,
      "mean_episode_wall_seconds": 0.0036590933705156203,
      "solver_calls": 1024
    },
    {
      "condition": "easy",
      "mode": "cheap_first",
      "n": 512,
      "successes": 512,
      "mean_utility": 0.97513880859375,
      "mean_cost": 0.024861191406250004,
      "mean_work_units": 15.611328125,
      "mean_steps": 13.03125,
      "mean_observations": 5.0,
      "mean_travel_distance": 6.673828125,
      "mean_controller_cpu_seconds": 9.377103125000072e-05,
      "mean_solver_cpu_seconds": 0.0005893754687500028,
      "mean_episode_wall_seconds": 0.0012151812634328962,
      "solver_calls": 529
    },
    {
      "condition": "medium",
      "mode": "cheap",
      "n": 512,
      "successes": 442,
      "mean_utility": 0.82798046875,
      "mean_cost": 0.03530078125,
      "mean_work_units": 0.0,
      "mean_steps": 17.740234375,
      "mean_observations": 9.86328125,
      "mean_travel_distance": 7.697265625,
      "mean_controller_cpu_seconds": 0.00012858571875000186,
      "mean_solver_cpu_seconds": 0.0,
      "mean_episode_wall_seconds": 0.0007886550001785508,
      "solver_calls": 0
    },
    {
      "condition": "medium",
      "mode": "always_tool",
      "n": 512,
      "successes": 512,
      "mean_utility": 0.961362890625,
      "mean_cost": 0.038637109375,
      "mean_work_units": 51.015625,
      "mean_steps": 22.0,
      "mean_observations": 10.0,
      "mean_travel_distance": 6.126953125,
      "mean_controller_cpu_seconds": 0.0003460274062500107,
      "mean_solver_cpu_seconds": 0.0013711876249999993,
      "mean_episode_wall_seconds": 0.0037628427553499932,
      "solver_calls": 1024
    },
    {
      "condition": "medium",
      "mode": "cheap_first",
      "n": 512,
      "successes": 512,
      "mean_utility": 0.9641098046875,
      "mean_cost": 0.035890195312500005,
      "mean_work_units": 28.86328125,
      "mean_steps": 19.4140625,
      "mean_observations": 10.0,
      "mean_travel_distance": 6.1875,
      "mean_controller_cpu_seconds": 0.00024871103124999086,
      "mean_solver_cpu_seconds": 0.0008021720312500252,
      "mean_episode_wall_seconds": 0.002231704937912582,
      "solver_calls": 732
    },
    {
      "condition": "hard_feasible",
      "mode": "cheap",
      "n": 512,
      "successes": 417,
      "mean_utility": 0.763921875,
      "mean_cost": 0.05053125,
      "mean_work_units": 0.0,
      "mean_steps": 25.525390625,
      "mean_observations": 16.814453125,
      "mean_travel_distance": 8.19140625,
      "mean_controller_cpu_seconds": 0.0003624704374999687,
      "mean_solver_cpu_seconds": 0.0,
      "mean_episode_wall_seconds": 0.001503211347881006,
      "solver_calls": 0
    },
    {
      "condition": "hard_feasible",
      "mode": "always_tool",
      "n": 512,
      "successes": 512,
      "mean_utility": 0.94493748046875,
      "mean_cost": 0.05506251953125001,
      "mean_work_units": 289.455078125,
      "mean_steps": 29.0,
      "mean_observations": 17.0,
      "mean_travel_distance": 6.16796875,
      "mean_controller_cpu_seconds": 0.000884921812499993,
      "mean_solver_cpu_seconds": 0.00162143765624996,
      "mean_episode_wall_seconds": 0.005647440463690145,
      "solver_calls": 1024
    },
    {
      "condition": "hard_feasible",
      "mode": "cheap_first",
      "n": 512,
      "successes": 512,
      "mean_utility": 0.948457734375,
      "mean_cost": 0.051542265625,
      "mean_work_units": 60.671875,
      "mean_steps": 27.689453125,
      "mean_observations": 17.0,
      "mean_travel_distance": 6.24609375,
      "mean_controller_cpu_seconds": 0.0005147083749999972,
      "mean_solver_cpu_seconds": 0.0010605629062499762,
      "mean_episode_wall_seconds": 0.0035932254959334387,
      "solver_calls": 879
    },
    {
      "condition": "work_tight",
      "mode": "cheap",
      "n": 512,
      "successes": 424,
      "mean_utility": 0.778142578125,
      "mean_cost": 0.049982421875,
      "mean_work_units": 0.0,
      "mean_steps": 25.427734375,
      "mean_observations": 16.828125,
      "mean_travel_distance": 7.7265625,
      "mean_controller_cpu_seconds": 0.0003668679687500384,
      "mean_solver_cpu_seconds": 0.0,
      "mean_episode_wall_seconds": 0.0015074871180331684,
      "solver_calls": 0
    },
    {
      "condition": "work_tight",
      "mode": "always_tool",
      "n": 512,
      "successes": 0,
      "mean_utility": -0.04406515625000001,
      "mean_cost": 0.04406515625000001,
      "mean_work_units": 128.0,
      "mean_steps": 25.828125,
      "mean_observations": 16.95703125,
      "mean_travel_distance": 0.0,
      "mean_controller_cpu_seconds": 0.0007713373749999551,
      "mean_solver_cpu_seconds": 0.0008216673437500006,
      "mean_episode_wall_seconds": 0.0035878359331036336,
      "solver_calls": 512
    },
    {
      "condition": "work_tight",
      "mode": "cheap_first",
      "n": 512,
      "successes": 158,
      "mean_utility": 0.26547703125,
      "mean_cost": 0.043116718750000005,
      "mean_work_units": 12.0625,
      "mean_steps": 24.837890625,
      "mean_observations": 16.890625,
      "mean_travel_distance": 1.267578125,
      "mean_controller_cpu_seconds": 0.00047288856250000955,
      "mean_solver_cpu_seconds": 0.0005425911874999915,
      "mean_episode_wall_seconds": 0.0020743735458381707,
      "solver_calls": 386
    },
    {
      "condition": "expensive_tools",
      "mode": "cheap",
      "n": 512,
      "successes": 434,
      "mean_utility": 0.79696484375,
      "mean_cost": 0.05069140625,
      "mean_work_units": 0.0,
      "mean_steps": 25.724609375,
      "mean_observations": 16.84765625,
      "mean_travel_distance": 8.119140625,
      "mean_controller_cpu_seconds": 0.0003439326249999458,
      "mean_solver_cpu_seconds": 0.0,
      "mean_episode_wall_seconds": 0.0014999058103057905,
      "solver_calls": 0
    },
    {
      "condition": "expensive_tools",
      "mode": "always_tool",
      "n": 512,
      "successes": 512,
      "mean_utility": 0.36885351562499996,
      "mean_cost": 0.6311464843750001,
      "mean_work_units": 289.521484375,
      "mean_steps": 29.0,
      "mean_observations": 17.0,
      "mean_travel_distance": 6.103515625,
      "mean_controller_cpu_seconds": 0.0009209680937499916,
      "mean_solver_cpu_seconds": 0.0017259277812499163,
      "mean_episode_wall_seconds": 0.005491074110977934,
      "solver_calls": 1024
    },
    {
      "condition": "expensive_tools",
      "mode": "cheap_first",
      "n": 512,
      "successes": 512,
      "mean_utility": 0.9129062499999999,
      "mean_cost": 0.08709375000000001,
      "mean_work_units": 16.4375,
      "mean_steps": 27.689453125,
      "mean_observations": 17.0,
      "mean_travel_distance": 9.529296875,
      "mean_controller_cpu_seconds": 0.0004998880312499752,
      "mean_solver_cpu_seconds": 0.00017674487500000642,
      "mean_episode_wall_seconds": 0.002067956297651108,
      "solver_calls": 130
    },
    {
      "condition": "expensive_travel",
      "mode": "cheap",
      "n": 512,
      "successes": 430,
      "mean_utility": 0.49403125,
      "mean_cost": 0.3458125,
      "mean_work_units": 0.0,
      "mean_steps": 17.76953125,
      "mean_observations": 9.83984375,
      "mean_travel_distance": 7.955078125,
      "mean_controller_cpu_seconds": 0.00013809221875006605,
      "mean_solver_cpu_seconds": 0.0,
      "mean_episode_wall_seconds": 0.0007992654054760351,
      "solver_calls": 0
    },
    {
      "condition": "expensive_travel",
      "mode": "always_tool",
      "n": 512,
      "successes": 512,
      "mean_utility": 0.72763443359375,
      "mean_cost": 0.27236556640625004,
      "mean_work_units": 59.994140625,
      "mean_steps": 22.0,
      "mean_observations": 10.0,
      "mean_travel_distance": 5.994140625,
      "mean_controller_cpu_seconds": 0.0007158258749999577,
      "mean_solver_cpu_seconds": 0.0014088596562499686,
      "mean_episode_wall_seconds": 0.0037454078255905188,
      "solver_calls": 1024
    },
    {
      "condition": "expensive_travel",
      "mode": "cheap_first",
      "n": 512,
      "successes": 512,
      "mean_utility": 0.72944373046875,
      "mean_cost": 0.27055626953125,
      "mean_work_units": 50.158203125,
      "mean_steps": 20.2890625,
      "mean_observations": 10.0,
      "mean_travel_distance": 5.994140625,
      "mean_controller_cpu_seconds": 0.00024540450000003905,
      "mean_solver_cpu_seconds": 0.001156594406250028,
      "mean_episode_wall_seconds": 0.002693405394893489,
      "solver_calls": 1064
    },
    {
      "condition": "obstacle",
      "mode": "cheap",
      "n": 512,
      "successes": 438,
      "mean_utility": 0.81931640625,
      "mean_cost": 0.03615234375,
      "mean_work_units": 0.0,
      "mean_steps": 17.958984375,
      "mean_observations": 9.85546875,
      "mean_travel_distance": 8.337890625,
      "mean_controller_cpu_seconds": 0.0001066932812499935,
      "mean_solver_cpu_seconds": 0.0,
      "mean_episode_wall_seconds": 0.0007999246481631417,
      "solver_calls": 0
    },
    {
      "condition": "obstacle",
      "mode": "always_tool",
      "n": 512,
      "successes": 512,
      "mean_utility": 0.957960546875,
      "mean_cost": 0.042039453125,
      "mean_work_units": 61.3671875,
      "mean_steps": 23.640625,
      "mean_observations": 10.0,
      "mean_travel_distance": 7.78515625,
      "mean_controller_cpu_seconds": 0.0008223875000000422,
      "mean_solver_cpu_seconds": 0.0016965034999998569,
      "mean_episode_wall_seconds": 0.004308668782869063,
      "solver_calls": 1234
    },
    {
      "condition": "obstacle",
      "mode": "cheap_first",
      "n": 512,
      "successes": 512,
      "mean_utility": 0.96037896484375,
      "mean_cost": 0.039621035156250005,
      "mean_work_units": 45.306640625,
      "mean_steps": 21.359375,
      "mean_observations": 10.0,
      "mean_travel_distance": 7.80859375,
      "mean_controller_cpu_seconds": 0.00027002943749991626,
      "mean_solver_cpu_seconds": 0.0012296104374999528,
      "mean_episode_wall_seconds": 0.002744416510722658,
      "solver_calls": 1137
    }
  ],
  "cpu_core_seconds": 27.882935,
  "wall_seconds": 29.481157364789397,
  "stopped_cpu_limit": false
}
