{
  "cells": [
    {
      "condition": "standard_fixed",
      "mode": "cheap_first",
      "n": 512,
      "successes": 512,
      "mean_utility": 0.948503671875,
      "mean_cost": 0.051496328125000004,
      "mean_work_units": 56.078125,
      "mean_steps": 27.61328125,
      "mean_observations": 17.0,
      "mean_travel_distance": 6.322265625,
      "mean_controller_cpu_seconds": 0.0004198741874999949,
      "mean_solver_cpu_seconds": 0.0010172304374999883,
      "mean_episode_wall_seconds": 0.004318413998589676,
      "solver_calls": 857
    },
    {
      "condition": "standard_fixed",
      "mode": "cheap_first_fallback_v2",
      "n": 512,
      "successes": 512,
      "mean_utility": 0.948503671875,
      "mean_cost": 0.051496328125000004,
      "mean_work_units": 56.078125,
      "mean_steps": 27.61328125,
      "mean_observations": 17.0,
      "mean_travel_distance": 6.322265625,
      "mean_controller_cpu_seconds": 0.0008499541250000032,
      "mean_solver_cpu_seconds": 0.0010124010937500134,
      "mean_episode_wall_seconds": 0.00352834785644518,
      "solver_calls": 857
    },
    {
      "condition": "standard_remaining",
      "mode": "cheap_first",
      "n": 512,
      "successes": 512,
      "mean_utility": 0.948503671875,
      "mean_cost": 0.051496328125000004,
      "mean_work_units": 56.078125,
      "mean_steps": 27.61328125,
      "mean_observations": 17.0,
      "mean_travel_distance": 6.322265625,
      "mean_controller_cpu_seconds": 0.0004251486562500111,
      "mean_solver_cpu_seconds": 0.0010208869374999914,
      "mean_episode_wall_seconds": 0.003276034070950118,
      "solver_calls": 857
    },
    {
      "condition": "standard_remaining",
      "mode": "cheap_first_fallback_v2",
      "n": 512,
      "successes": 512,
      "mean_utility": 0.948503671875,
      "mean_cost": 0.051496328125000004,
      "mean_work_units": 56.078125,
      "mean_steps": 27.61328125,
      "mean_observations": 17.0,
      "mean_travel_distance": 6.322265625,
      "mean_controller_cpu_seconds": 0.0005412316249999967,
      "mean_solver_cpu_seconds": 0.0010300610937500198,
      "mean_episode_wall_seconds": 0.0034274050703970715,
      "solver_calls": 857
    },
    {
      "condition": "tight_fixed",
      "mode": "cheap_first",
      "n": 512,
      "successes": 138,
      "mean_utility": 0.22653328125,
      "mean_cost": 0.042997968750000004,
      "mean_work_units": 12.6875,
      "mean_steps": 24.85546875,
      "mean_observations": 16.888671875,
      "mean_travel_distance": 1.126953125,
      "mean_controller_cpu_seconds": 0.00036080743749998014,
      "mean_solver_cpu_seconds": 0.0006216706249999888,
      "mean_episode_wall_seconds": 0.002089035781864368,
      "solver_calls": 406
    },
    {
      "condition": "tight_fixed",
      "mode": "cheap_first_fallback_v2",
      "n": 512,
      "successes": 455,
      "mean_utility": 0.83504109375,
      "mean_cost": 0.05363078125,
      "mean_work_units": 12.6875,
      "mean_steps": 28.10546875,
      "mean_observations": 16.888671875,
      "mean_travel_distance": 8.509765625,
      "mean_controller_cpu_seconds": 0.0006124458437499983,
      "mean_solver_cpu_seconds": 0.0005931500625000084,
      "mean_episode_wall_seconds": 0.0026069753266710904,
      "solver_calls": 406
    },
    {
      "condition": "tight_remaining",
      "mode": "cheap_first",
      "n": 512,
      "successes": 501,
      "mean_utility": 0.92720033203125,
      "mean_cost": 0.05131529296875,
      "mean_work_units": 47.154296875,
      "mean_steps": 27.455078125,
      "mean_observations": 16.978515625,
      "mean_travel_distance": 6.41015625,
      "mean_controller_cpu_seconds": 0.00039955246874998074,
      "mean_solver_cpu_seconds": 0.0009591566874999997,
      "mean_episode_wall_seconds": 0.003041300042241346,
      "solver_calls": 780
    },
    {
      "condition": "tight_remaining",
      "mode": "cheap_first_fallback_v2",
      "n": 512,
      "successes": 501,
      "mean_utility": 0.92720033203125,
      "mean_cost": 0.05131529296875,
      "mean_work_units": 47.154296875,
      "mean_steps": 27.455078125,
      "mean_observations": 16.978515625,
      "mean_travel_distance": 6.41015625,
      "mean_controller_cpu_seconds": 0.0008070416875000375,
      "mean_solver_cpu_seconds": 0.0009176902499999674,
      "mean_episode_wall_seconds": 0.0034983937275683274,
      "solver_calls": 780
    }
  ],
  "cpu_core_seconds": 13.824443000000002,
  "wall_seconds": 14.116119602229446,
  "stopped_cpu_limit": false
}
