{"event": "evaluation", "update": 0, "train": {"raw": {"exact_edges": 0, "exact_graphs": 0.0, "examples": 128}, "calibrated": {"exact_edges": 0, "exact_graphs": 0.0, "examples": 128}}, "development": {"raw": {"exact_edges": 0, "exact_graphs": 0.0, "examples": 512}, "calibrated": {"exact_edges": 0, "exact_graphs": 0.0, "examples": 512}}}
/home/brandonin/topoformer-campaign01-semantics/src/topoformer/campaign_semantics_edge_probe.py:100: UserWarning: Converting a tensor with requires_grad=True to a scalar may lead to unexpected behavior.
Consider using tensor.detach() first. (Triggered internally at /__w/pytorch/pytorch/torch/csrc/autograd/generated/python_variable_methods.cpp:820.)
  if (update+1)%128==0 or update==0:losses.append(dict(update=update+1,loss=float(loss),training_seconds=train_seconds));print(json.dumps(dict(event='progress',**losses[-1])),flush=True)
{"event": "progress", "update": 1, "loss": 0.009903759695589542, "training_seconds": 0.1458462351001799}
{"event": "progress", "update": 128, "loss": 0.002015856094658375, "training_seconds": 0.9729024744592607}
{"event": "progress", "update": 256, "loss": 0.001802249113097787, "training_seconds": 1.8453209619037807}
{"event": "progress", "update": 384, "loss": 0.0015648077242076397, "training_seconds": 2.7174503225833178}
{"event": "progress", "update": 512, "loss": 0.0020850750152021646, "training_seconds": 3.581401862204075}
{"event": "progress", "update": 640, "loss": 0.000978454016149044, "training_seconds": 4.4235963257960975}
{"event": "progress", "update": 768, "loss": 0.0010322195012122393, "training_seconds": 5.299838092178106}
{"event": "progress", "update": 896, "loss": 0.0006408263579942286, "training_seconds": 6.166450502350926}
{"event": "progress", "update": 1024, "loss": 0.001453156815841794, "training_seconds": 7.037830243352801}
{"event": "progress", "update": 1152, "loss": 0.0007958492496982217, "training_seconds": 7.910989994183183}
{"event": "evaluation", "update": 1200, "train": {"raw": {"exact_edges": 3, "exact_graphs": 3.0, "examples": 128}, "calibrated": {"exact_edges": 34, "exact_graphs": 34.0, "examples": 128}}, "development": {"raw": {"exact_edges": 0, "exact_graphs": 0.0, "examples": 512}, "calibrated": {"exact_edges": 0, "exact_graphs": 0.0, "examples": 512}}}
{"event": "progress", "update": 1280, "loss": 0.0004790096136275679, "training_seconds": 8.791362645570189}
{"event": "progress", "update": 1408, "loss": 0.0005792297888547182, "training_seconds": 9.664369614329189}
{"event": "progress", "update": 1536, "loss": 0.000940420082770288, "training_seconds": 10.54012595769018}
{"event": "progress", "update": 1664, "loss": 0.0011128149926662445, "training_seconds": 11.413378093391657}
{"event": "progress", "update": 1792, "loss": 0.000944179599173367, "training_seconds": 12.264421789906919}
{"event": "progress", "update": 1920, "loss": 0.0004611944605130702, "training_seconds": 13.136284061707556}
{"event": "progress", "update": 2048, "loss": 0.0010686359601095319, "training_seconds": 13.99464783957228}
{"event": "progress", "update": 2176, "loss": 0.0002686697116587311, "training_seconds": 14.79006946273148}
{"event": "progress", "update": 2304, "loss": 0.003432102268561721, "training_seconds": 15.551019022241235}
{"event": "progress", "update": 2432, "loss": 0.004531587474048138, "training_seconds": 16.292119118385017}
{"event": "progress", "update": 2560, "loss": 0.004724697209894657, "training_seconds": 17.037984318099916}
{"event": "progress", "update": 2688, "loss": 0.0015144385397434235, "training_seconds": 17.773801860399544}
{"event": "progress", "update": 2816, "loss": 0.0005412797909229994, "training_seconds": 18.524633830413222}
{"event": "progress", "update": 2944, "loss": 0.0004217076930217445, "training_seconds": 19.235128197818995}
{"event": "progress", "update": 3072, "loss": 0.00030037754913792014, "training_seconds": 19.937444762326777}
{"event": "progress", "update": 3200, "loss": 0.0003614293527789414, "training_seconds": 20.665684915613383}
{"event": "progress", "update": 3328, "loss": 0.0007609317544847727, "training_seconds": 21.371623082086444}
{"event": "progress", "update": 3456, "loss": 0.0005483225104399025, "training_seconds": 22.1415011822246}
{"event": "progress", "update": 3584, "loss": 0.0003347294987179339, "training_seconds": 22.889405997935683}
{"event": "progress", "update": 3712, "loss": 0.00033807294676080346, "training_seconds": 23.631684898864478}
{"event": "progress", "update": 3840, "loss": 0.0003288917650934309, "training_seconds": 24.383294694125652}
{"event": "progress", "update": 3968, "loss": 0.0006488865474238992, "training_seconds": 25.12805583514273}
{"event": "progress", "update": 4096, "loss": 0.0004100167425349355, "training_seconds": 25.863391073886305}
{"event": "progress", "update": 4224, "loss": 0.00038292218232527375, "training_seconds": 26.604616025462747}
{"event": "progress", "update": 4352, "loss": 0.0005717979511246085, "training_seconds": 27.344744654837996}
{"event": "progress", "update": 4480, "loss": 0.0002378022181801498, "training_seconds": 28.102774548344314}
{"event": "progress", "update": 4608, "loss": 0.010531732812523842, "training_seconds": 28.85201530577615}
{"event": "progress", "update": 4736, "loss": 0.0025259586982429028, "training_seconds": 29.592474036384374}
{"event": "evaluation", "update": 4800, "train": {"raw": {"exact_edges": 2, "exact_graphs": 2.0, "examples": 128}, "calibrated": {"exact_edges": 4, "exact_graphs": 4.0, "examples": 128}}, "development": {"raw": {"exact_edges": 0, "exact_graphs": 0.0, "examples": 512}, "calibrated": {"exact_edges": 0, "exact_graphs": 0.0, "examples": 512}}}
