{"event": "evaluation", "seed": 30, "update": 0, "raw_exact": 0.0, "calibrated_exact": 0.0, "mean_type_accuracy": 0.0, "mean_copy_accuracy": 0.16710388287901878, "mean_calibrated_edge_f1": 0.0}
{"event": "evaluation", "seed": 30, "update": 125, "raw_exact": 0.0, "calibrated_exact": 0.0, "mean_type_accuracy": 0.9132537692785263, "mean_copy_accuracy": 0.1304406658746302, "mean_calibrated_edge_f1": 0.0}
{"event": "progress", "seed": 30, "update": 250, "presentations": 2000, "training_seconds": 15.70155602414161, "loss_parts": {"presence": 0.009019882418215275, "kind": 0.004851534031331539, "value": 1.0418173587822821e-05, "copy": 0.04789446294307709, "edges": 23.33054542541504, "slots": 22.5158748626709}}
{"event": "evaluation", "seed": 30, "update": 250, "raw_exact": 0.0, "calibrated_exact": 0.0, "mean_type_accuracy": 0.9965277761220932, "mean_copy_accuracy": 0.9955357164144516, "mean_calibrated_edge_f1": 0.0}
{"event": "progress", "seed": 30, "update": 500, "presentations": 4000, "training_seconds": 31.40400600526482, "loss_parts": {"presence": 0.00010915792518062517, "kind": 7.278761768247932e-05, "value": 5.6848903113859706e-06, "copy": 0.0031502859201282263, "edges": 0.026572754606604576, "slots": 0.0009694025502540171}}
{"event": "progress", "seed": 30, "update": 750, "presentations": 6000, "training_seconds": 47.177570783533156, "loss_parts": {"presence": 1.396311927237548e-05, "kind": 4.512330633588135e-06, "value": 2.8077911338186823e-06, "copy": 0.0005875721690244973, "edges": 0.010850667022168636, "slots": 0.00024541327729821205}}
{"event": "progress", "seed": 30, "update": 1000, "presentations": 8000, "training_seconds": 62.56780547183007, "loss_parts": {"presence": 5.521253478946164e-05, "kind": 3.864219252136536e-05, "value": 4.707968400907703e-06, "copy": 0.0006525319186039269, "edges": 0.007144836708903313, "slots": 0.000733000342734158}}
{"event": "evaluation", "seed": 30, "update": 1000, "raw_exact": 0.0, "calibrated_exact": 0.0, "mean_type_accuracy": 1.0, "mean_copy_accuracy": 1.0, "mean_calibrated_edge_f1": 0.8689796886612522}
{"event": "progress", "seed": 30, "update": 1250, "presentations": 10000, "training_seconds": 78.52651487151161, "loss_parts": {"presence": 7.538550107710762e-06, "kind": 1.2138884812884498e-05, "value": 3.592101165850181e-06, "copy": 0.0005183561006560922, "edges": 0.0017608515918254852, "slots": 9.829876944422722e-05}}
{"event": "progress", "seed": 30, "update": 1500, "presentations": 12000, "training_seconds": 94.50966762006283, "loss_parts": {"presence": 1.787670385056117e-07, "kind": 7.530182415393938e-07, "value": 1.7777888672299014e-07, "copy": 2.4583809135947376e-05, "edges": 7.635975634912029e-06, "slots": 3.108793634964968e-06}}
{"event": "progress", "seed": 30, "update": 1750, "presentations": 14000, "training_seconds": 110.84474283549935, "loss_parts": {"presence": 9.110283372137928e-08, "kind": 2.537276202474459e-07, "value": 5.774197120445024e-08, "copy": 1.1016342796210665e-05, "edges": 5.241140115685994e-06, "slots": 1.2907523796457099e-06}}
{"event": "progress", "seed": 30, "update": 2000, "presentations": 16000, "training_seconds": 127.18968560406938, "loss_parts": {"presence": 5.614820608457194e-08, "kind": 1.438328354197438e-07, "value": 3.063015441284733e-08, "copy": 6.974265488679521e-06, "edges": 1.6558308288949775e-06, "slots": 8.018566859391285e-07}}
{"event": "evaluation", "seed": 30, "update": 2000, "raw_exact": 8.0, "calibrated_exact": 8.0, "mean_type_accuracy": 1.0, "mean_copy_accuracy": 1.0, "mean_calibrated_edge_f1": 1.0}
{"event": "progress", "seed": 30, "update": 2250, "presentations": 18000, "training_seconds": 143.2398426788859, "loss_parts": {"presence": 3.788126079484755e-08, "kind": 1.0608020062363721e-07, "value": 2.400742182828708e-08, "copy": 4.870927568845218e-06, "edges": 1.1288133237030706e-06, "slots": 5.82030509121978e-07}}
{"event": "progress", "seed": 30, "update": 2500, "presentations": 20000, "training_seconds": 159.35192876588553, "loss_parts": {"presence": 2.9076035801267608e-08, "kind": 7.666969281672209e-08, "value": 1.5315078982780506e-08, "copy": 3.503828338580206e-06, "edges": 7.468981948477449e-07, "slots": 4.2309005721108406e-07}}
{"event": "progress", "seed": 30, "update": 2750, "presentations": 22000, "training_seconds": 175.55165234860033, "loss_parts": {"presence": 2.3584565411738367e-08, "kind": 5.926034418735071e-08, "value": 1.0141066653091002e-08, "copy": 2.7503338060341775e-06, "edges": 6.875829399177746e-07, "slots": 3.3116924669229775e-07}}
{"event": "progress", "seed": 30, "update": 3000, "presentations": 24000, "training_seconds": 191.76091239368543, "loss_parts": {"presence": 1.984189879067344e-08, "kind": 4.7111136325383995e-08, "value": 8.485382174683309e-09, "copy": 2.1442847355501726e-06, "edges": 4.923557526126388e-07, "slots": 2.634209863572323e-07}}
{"event": "progress", "seed": 30, "update": 3250, "presentations": 26000, "training_seconds": 208.1907248296775, "loss_parts": {"presence": 1.4451776664259341e-08, "kind": 3.466514542083132e-08, "value": 6.829698584454036e-09, "copy": 1.7046797893272014e-06, "edges": 3.0643485615655663e-07, "slots": 2.1654921056324383e-07}}
{"event": "progress", "seed": 30, "update": 3500, "presentations": 28000, "training_seconds": 224.60448618372902, "loss_parts": {"presence": 1.2367683766001392e-08, "kind": 2.8604723922853736e-08, "value": 3.311368956815386e-09, "copy": 1.3922749531047884e-06, "edges": 3.1110175768844783e-07, "slots": 1.8024155679086107e-07}}
{"event": "progress", "seed": 30, "update": 3750, "presentations": 30000, "training_seconds": 241.3901867698878, "loss_parts": {"presence": 9.83958692302167e-09, "kind": 2.302498103290418e-08, "value": 3.311368956815386e-09, "copy": 1.1417148471082328e-06, "edges": 2.33410190730865e-07, "slots": 1.5133133501876728e-07}}
{"event": "progress", "seed": 30, "update": 4000, "presentations": 32000, "training_seconds": 258.0032015130855, "loss_parts": {"presence": 8.931092310149324e-09, "kind": 2.25603233872107e-08, "value": 3.311368956815386e-09, "copy": 9.69833536146325e-07, "edges": 1.717147029012267e-07, "slots": 1.2179501140963112e-07}}
{"event": "evaluation", "seed": 30, "update": 4000, "raw_exact": 8.0, "calibrated_exact": 8.0, "mean_type_accuracy": 1.0, "mean_copy_accuracy": 1.0, "mean_calibrated_edge_f1": 1.0}
{"event": "evaluation", "seed": 31, "update": 0, "raw_exact": 0.0, "calibrated_exact": 0.0, "mean_type_accuracy": 0.1818330455571413, "mean_copy_accuracy": 0.17046238761395216, "mean_calibrated_edge_f1": 0.0}
{"event": "evaluation", "seed": 31, "update": 125, "raw_exact": 0.0, "calibrated_exact": 0.0, "mean_type_accuracy": 0.8284364938735962, "mean_copy_accuracy": 0.072725182864815, "mean_calibrated_edge_f1": 0.054334151967923044}
{"event": "progress", "seed": 31, "update": 250, "presentations": 2000, "training_seconds": 16.189420881681144, "loss_parts": {"presence": 0.000667471787892282, "kind": 0.009741905145347118, "value": 2.7636093363980763e-05, "copy": 0.07223707437515259, "edges": 20.079294204711914, "slots": 22.421669006347656}}
{"event": "evaluation", "seed": 31, "update": 250, "raw_exact": 0.0, "calibrated_exact": 0.0, "mean_type_accuracy": 0.996621623635292, "mean_copy_accuracy": 0.9811723604798317, "mean_calibrated_edge_f1": 0.0}
{"event": "progress", "seed": 31, "update": 500, "presentations": 4000, "training_seconds": 32.20625436864793, "loss_parts": {"presence": 5.880535900359973e-05, "kind": 0.0001309057406615466, "value": 3.530241201588069e-06, "copy": 0.006203542463481426, "edges": 0.023581571877002716, "slots": 0.0043677110224962234}}
{"event": "progress", "seed": 31, "update": 750, "presentations": 6000, "training_seconds": 48.1094213523902, "loss_parts": {"presence": 3.801093407673761e-05, "kind": 1.2161919585196301e-05, "value": 4.408217591844732e-06, "copy": 0.0006615665042772889, "edges": 0.002798129105940461, "slots": 0.0001084280593204312}}
{"event": "progress", "seed": 31, "update": 1000, "presentations": 8000, "training_seconds": 64.55434466945007, "loss_parts": {"presence": 3.203331652912311e-05, "kind": 5.0937819651153404e-06, "value": 1.941667733262875e-06, "copy": 0.0006023257737979293, "edges": 0.02232295088469982, "slots": 9.903863974614069e-05}}
{"event": "evaluation", "seed": 31, "update": 1000, "raw_exact": 0.0, "calibrated_exact": 0.0, "mean_type_accuracy": 1.0, "mean_copy_accuracy": 1.0, "mean_calibrated_edge_f1": 0.9295266843400137}
{"event": "progress", "seed": 31, "update": 1250, "presentations": 10000, "training_seconds": 81.0546748531051, "loss_parts": {"presence": 1.5190446447377326e-06, "kind": 1.699252607068047e-06, "value": 4.842875256372281e-08, "copy": 9.428714838577434e-05, "edges": 2.1739401745435316e-06, "slots": 3.953606210416183e-06}}
{"event": "progress", "seed": 31, "update": 1500, "presentations": 12000, "training_seconds": 97.09204642660916, "loss_parts": {"presence": 4.2674420797084167e-07, "kind": 6.202720896908431e-07, "value": 5.380974332780397e-09, "copy": 2.6475290724192746e-05, "edges": 6.585960363736376e-07, "slots": 1.1461017948022345e-06}}
{"event": "progress", "seed": 31, "update": 1750, "presentations": 14000, "training_seconds": 112.85311760986224, "loss_parts": {"presence": 2.4884175786610285e-07, "kind": 3.504276264720829e-07, "value": 3.51832962763865e-09, "copy": 1.4483104678220116e-05, "edges": 3.366694727446884e-07, "slots": 6.92088860887452e-07}}
{"event": "progress", "seed": 31, "update": 2000, "presentations": 16000, "training_seconds": 128.76347912102938, "loss_parts": {"presence": 1.7103670302276441e-07, "kind": 2.2723762072018872e-07, "value": 1.655684478407693e-09, "copy": 9.26431494008284e-06, "edges": 4.82670088786108e-07, "slots": 4.930740828967828e-07}}
{"event": "evaluation", "seed": 31, "update": 2000, "raw_exact": 8.0, "calibrated_exact": 8.0, "mean_type_accuracy": 1.0, "mean_copy_accuracy": 1.0, "mean_calibrated_edge_f1": 1.0}
{"event": "progress", "seed": 31, "update": 2250, "presentations": 18000, "training_seconds": 145.19062545290217, "loss_parts": {"presence": 1.2428546369847027e-07, "kind": 1.7547367292536364e-07, "value": 1.655684478407693e-09, "copy": 6.531566214107443e-06, "edges": 2.6302538458367053e-07, "slots": 3.512290049911826e-07}}
{"event": "progress", "seed": 31, "update": 2500, "presentations": 20000, "training_seconds": 161.4248738414608, "loss_parts": {"presence": 9.674106138390925e-08, "kind": 1.3620513072964968e-07, "value": 1.655684478407693e-09, "copy": 4.838633685722016e-06, "edges": 2.023130036832299e-07, "slots": 2.719983456245245e-07}}
{"event": "progress", "seed": 31, "update": 2750, "presentations": 22000, "training_seconds": 177.89856078103185, "loss_parts": {"presence": 7.394901757606931e-08, "kind": 1.1165695212866922e-07, "value": 1.655684478407693e-09, "copy": 3.744023160834331e-06, "edges": 1.6848750306053262e-07, "slots": 2.1573502806404576e-07}}
{"event": "progress", "seed": 31, "update": 3000, "presentations": 24000, "training_seconds": 194.50458928197622, "loss_parts": {"presence": 6.178656519750803e-08, "kind": 9.029637482171893e-08, "value": 1.655684478407693e-09, "copy": 3.018063580384478e-06, "edges": 1.2869546139882004e-07, "slots": 1.8324871575714496e-07}}
{"event": "progress", "seed": 31, "update": 3250, "presentations": 26000, "training_seconds": 211.1301374961622, "loss_parts": {"presence": 4.812282128341394e-08, "kind": 7.846445271297853e-08, "value": 1.655684478407693e-09, "copy": 2.3916675218060846e-06, "edges": 1.1791505016844894e-07, "slots": 1.510525891035286e-07}}
{"event": "progress", "seed": 31, "update": 3500, "presentations": 28000, "training_seconds": 227.66969678085297, "loss_parts": {"presence": 3.8305618232925553e-08, "kind": 6.760926396509603e-08, "value": 1.655684478407693e-09, "copy": 1.934572537720669e-06, "edges": 7.21380644108649e-08, "slots": 1.1954374201650353e-07}}
{"event": "progress", "seed": 31, "update": 3750, "presentations": 30000, "training_seconds": 244.15488681569695, "loss_parts": {"presence": 3.232150547205492e-08, "kind": 5.397262015094384e-08, "value": 1.655684478407693e-09, "copy": 1.5929356322885724e-06, "edges": 7.612575814164302e-08, "slots": 1.0345097223307675e-07}}
{"event": "progress", "seed": 31, "update": 4000, "presentations": 32000, "training_seconds": 260.8222412923351, "loss_parts": {"presence": 2.632621054488027e-08, "kind": 4.70116070516724e-08, "value": 1.655684478407693e-09, "copy": 1.3080057215120178e-06, "edges": 8.953128372013452e-08, "slots": 8.596988720910304e-08}}
{"event": "evaluation", "seed": 31, "update": 4000, "raw_exact": 8.0, "calibrated_exact": 8.0, "mean_type_accuracy": 1.0, "mean_copy_accuracy": 1.0, "mean_calibrated_edge_f1": 1.0}
{"event": "evaluation", "seed": 32, "update": 0, "raw_exact": 0.0, "calibrated_exact": 0.0, "mean_type_accuracy": 0.039539741817861795, "mean_copy_accuracy": 0.0, "mean_calibrated_edge_f1": 0.0}
{"event": "evaluation", "seed": 32, "update": 125, "raw_exact": 0.0, "calibrated_exact": 0.0, "mean_type_accuracy": 0.8324100226163864, "mean_copy_accuracy": 0.005681818351149559, "mean_calibrated_edge_f1": 0.0}
{"event": "progress", "seed": 32, "update": 250, "presentations": 2000, "training_seconds": 16.47911869455129, "loss_parts": {"presence": 0.013488074764609337, "kind": 0.011242684908211231, "value": 2.4142846086760983e-06, "copy": 0.023276053369045258, "edges": 22.036684036254883, "slots": 29.23169708251953}}
{"event": "evaluation", "seed": 32, "update": 250, "raw_exact": 0.0, "calibrated_exact": 0.0, "mean_type_accuracy": 1.0, "mean_copy_accuracy": 1.0, "mean_calibrated_edge_f1": 0.00684931506849315}
{"event": "progress", "seed": 32, "update": 500, "presentations": 4000, "training_seconds": 32.6217633956112, "loss_parts": {"presence": 8.025485294638202e-05, "kind": 0.00011313702998450026, "value": 1.9174121916876175e-05, "copy": 0.0017991187050938606, "edges": 0.013816381804645061, "slots": 0.0004102670936845243}}
{"event": "progress", "seed": 32, "update": 750, "presentations": 6000, "training_seconds": 48.589150230865926, "loss_parts": {"presence": 5.433076876215637e-05, "kind": 3.285280763520859e-05, "value": 4.413835540617583e-06, "copy": 0.0006047088536433876, "edges": 0.006003808695822954, "slots": 9.574595605954528e-05}}
{"event": "progress", "seed": 32, "update": 1000, "presentations": 8000, "training_seconds": 64.64777049748227, "loss_parts": {"presence": 0.0006368521717377007, "kind": 2.912625132012181e-05, "value": 0.00013578133075498044, "copy": 0.0005734023288823664, "edges": 0.002560967579483986, "slots": 0.0002003080298891291}}
{"event": "evaluation", "seed": 32, "update": 1000, "raw_exact": 0.0, "calibrated_exact": 0.0, "mean_type_accuracy": 1.0, "mean_copy_accuracy": 1.0, "mean_calibrated_edge_f1": 0.9650444924815461}
{"event": "progress", "seed": 32, "update": 1250, "presentations": 10000, "training_seconds": 81.09231312386692, "loss_parts": {"presence": 6.123887942521833e-06, "kind": 0.00012795807560905814, "value": 1.185012138193997e-06, "copy": 0.0005437127547338605, "edges": 0.009900801815092564, "slots": 0.00011659375013550743}}
{"event": "progress", "seed": 32, "update": 1500, "presentations": 12000, "training_seconds": 97.55233446368948, "loss_parts": {"presence": 1.5267568187482539e-06, "kind": 1.97085932995833e-06, "value": 5.339581221619483e-08, "copy": 6.074077100493014e-05, "edges": 4.97203529903345e-07, "slots": 3.784750333579723e-06}}
{"event": "progress", "seed": 32, "update": 1750, "presentations": 14000, "training_seconds": 114.1457051243633, "loss_parts": {"presence": 6.232284590623749e-07, "kind": 7.635345582457376e-07, "value": 1.407331762237618e-08, "copy": 2.0953146304236725e-05, "edges": 1.2404410654198728e-07, "slots": 1.3566320831159828e-06}}
{"event": "progress", "seed": 32, "update": 2000, "presentations": 16000, "training_seconds": 130.6369741964154, "loss_parts": {"presence": 3.7502235272768303e-07, "kind": 4.871135956818762e-07, "value": 1.055498799473753e-08, "copy": 1.21126204248867e-05, "edges": 8.437892518031731e-08, "slots": 8.42502288378455e-07}}
{"event": "evaluation", "seed": 32, "update": 2000, "raw_exact": 8.0, "calibrated_exact": 8.0, "mean_type_accuracy": 1.0, "mean_copy_accuracy": 1.0, "mean_calibrated_edge_f1": 1.0}
{"event": "progress", "seed": 32, "update": 2250, "presentations": 18000, "training_seconds": 146.96322965016589, "loss_parts": {"presence": 2.5731384312166483e-07, "kind": 3.548371410033724e-07, "value": 5.174014106046343e-09, "copy": 8.25114329927601e-06, "edges": 9.305064452291845e-08, "slots": 5.957416533419746e-07}}
{"event": "progress", "seed": 32, "update": 2500, "presentations": 20000, "training_seconds": 163.3612758256495, "loss_parts": {"presence": 1.920999181947991e-07, "kind": 2.742855826909363e-07, "value": 3.51832962763865e-09, "copy": 5.753480763814878e-06, "edges": 6.582317979564323e-08, "slots": 4.6095061634332524e-07}}
{"event": "progress", "seed": 32, "update": 2750, "presentations": 22000, "training_seconds": 179.32630295446143, "loss_parts": {"presence": 1.4395804726063943e-07, "kind": 2.1385736204138084e-07, "value": 1.8626450382086546e-09, "copy": 4.317902948969277e-06, "edges": 5.845288697514661e-08, "slots": 3.5871636328010936e-07}}
{"event": "progress", "seed": 32, "update": 3000, "presentations": 24000, "training_seconds": 195.3881224570796, "loss_parts": {"presence": 1.1591987458814401e-07, "kind": 1.6983955219984637e-07, "value": 0.0, "copy": 3.3668079595372546e-06, "edges": 2.732010706552046e-08, "slots": 2.8370993732096395e-07}}
{"event": "progress", "seed": 32, "update": 3250, "presentations": 26000, "training_seconds": 211.37439665012062, "loss_parts": {"presence": 9.413514590050909e-08, "kind": 1.4192737296525593e-07, "value": 0.0, "copy": 2.654845047800336e-06, "edges": 2.5298616534996654e-08, "slots": 2.3357159761872026e-07}}
{"event": "progress", "seed": 32, "update": 3500, "presentations": 28000, "training_seconds": 227.3378152716905, "loss_parts": {"presence": 7.588027983729262e-08, "kind": 1.2275118876914348e-07, "value": 0.0, "copy": 2.2251333575695753e-06, "edges": 2.1713189468641758e-08, "slots": 2.0457113691918494e-07}}
{"event": "progress", "seed": 32, "update": 3750, "presentations": 30000, "training_seconds": 243.35965684475377, "loss_parts": {"presence": 6.108501082735529e-08, "kind": 1.08351144945118e-07, "value": 0.0, "copy": 1.7633103652769933e-06, "edges": 1.7627314718993148e-08, "slots": 1.726308909155705e-07}}
{"event": "progress", "seed": 32, "update": 4000, "presentations": 32000, "training_seconds": 259.75087656872347, "loss_parts": {"presence": 5.300898919813335e-08, "kind": 8.852056510022521e-08, "value": 0.0, "copy": 1.4837041817372665e-06, "edges": 2.376404673043453e-08, "slots": 1.511573088919249e-07}}
{"event": "evaluation", "seed": 32, "update": 4000, "raw_exact": 8.0, "calibrated_exact": 8.0, "mean_type_accuracy": 1.0, "mean_copy_accuracy": 1.0, "mean_calibrated_edge_f1": 1.0}
