{
  "source": "a9337b71",
  "source_hashes": {
    "campaign02_world": "eab70ba2580b7ffe6da1c4db58ec239045ae56fdef3c9f826991e36a7ea64369",
    "campaign02_protocol": "4578545941f6efbe352c2c95334947960981994821020ebe208fd0a3f5509131",
    "campaign02_references": "06bcdc8183049799262d94de3ec3c4540d34e518e21e89504b95e149daa39f63",
    "campaign02_training": "1e80792e408f64648e049f37997cb48516eda823f9a3b75b5f3547883e815ef3",
    "campaign02_population": "e649d9ea2ad275185c2008da827561aecd33f8e063c06301ecf3bae3e90ddc48"
  },
  "protocol_sha256": "720e1a9474e27f957365ba51afcbdc9638632820f05341aa9ff4706f1ce63467",
  "episodes": 4800,
  "expected_episodes": 4800,
  "presentations": 100952,
  "successes": 4783,
  "solver_work_units": 153572,
  "action_counts": {
    "inspect": 54251,
    "choose_item": 12841,
    "commit_pending": 4149,
    "build_route": 2946,
    "call": 6354,
    "retrieve": 3580,
    "use_return": 3580,
    "verify": 4783,
    "start_subset": 651,
    "add_constraint": 1953,
    "move": 5847,
    "abstain": 17
  },
  "call_budget_counts": {
    "16": 3597,
    "128": 2297,
    "112": 421,
    "1024": 21,
    "96": 18
  },
  "call_subtypes": {
    "initial": 3597,
    "after_timeout": 2757
  },
  "last_to_requested_budget": {
    "0 -> 16": 3597,
    "16 -> 128": 2297,
    "16 -> 112": 421,
    "128 -> 1024": 21,
    "16 -> 96": 18
  },
  "mixture_counts": {
    "4": 603,
    "1": 635,
    "7": 629,
    "5": 612,
    "3": 572,
    "2": 559,
    "6": 574,
    "0": 616
  },
  "checkpoint_data_hashes": [
    {
      "episodes": 800,
      "data_hash": "7b69da5b34409b6f857fdf7239f76be9f0c7035fda569dbfa94e201d5161d39a"
    },
    {
      "episodes": 1600,
      "data_hash": "4392008f1f4e88adb48c47042e70f3329376498808d90f42b7e95fc35f026889"
    },
    {
      "episodes": 2400,
      "data_hash": "a2d4af9ddbf13b30ce17d8dba14f004ca0ff6a5c544c76ab3218acb83cbd2660"
    },
    {
      "episodes": 3200,
      "data_hash": "4afbe8211fd7913730319517c2efb9cd96ee1636f63a81de7e701ebeb76ebdde"
    },
    {
      "episodes": 4000,
      "data_hash": "90e5794676eb19b9b86259b38cc96f063207b34e3c444a617f9bda1e8b05833b"
    },
    {
      "episodes": 4800,
      "data_hash": "e8d029c5eeb2f39d8d6ce354e8f97cf8c50d5bfd5346ab597b302561370cb462"
    }
  ],
  "final_data_hash": "e8d029c5eeb2f39d8d6ce354e8f97cf8c50d5bfd5346ab597b302561370cb462",
  "expected_data_hash": "e8d029c5eeb2f39d8d6ce354e8f97cf8c50d5bfd5346ab597b302561370cb462",
  "data_hash_match": true,
  "stopped_cpu_limit": false,
  "executor": {
    "startup_wall_seconds": 0.030094526009634137,
    "startup_child_cpu_seconds": 0.028197999999999997,
    "call_wall_seconds": 2.7562387012294494,
    "restarts": 0
  },
  "cpu_core_seconds": 18.835764,
  "wall_seconds": 19.07311891199788,
  "scope": "Exact deterministic teacher-stream replay, no gradient learning/neural inference. Hash match required before calling this actual training exposure.",
  "trajectory_sha256": "aed73971e4c921aa9e09f43b517b98aeeac0b476deadfc9a89aea2fe8a891315"
}
