{"event": "progress", "seed": 701, "arm": "original", "added_update": 128, "loss": 1.3628203868865967, "learning_rate": 1e-05, "training_seconds": 8.591620482038707}
{"event": "progress", "seed": 701, "arm": "original", "added_update": 256, "loss": 0.7937455177307129, "learning_rate": 1e-05, "training_seconds": 16.617541264742613}
{"event": "progress", "seed": 701, "arm": "original", "added_update": 384, "loss": 0.2192397117614746, "learning_rate": 1e-05, "training_seconds": 24.662093743681908}
{"event": "progress", "seed": 701, "arm": "original", "added_update": 512, "loss": 0.20688870549201965, "learning_rate": 1e-05, "training_seconds": 32.69249636121094}
{"event": "progress", "seed": 701, "arm": "original", "added_update": 640, "loss": 0.4670144319534302, "learning_rate": 1e-05, "training_seconds": 40.038662023842335}
{"event": "progress", "seed": 701, "arm": "original", "added_update": 768, "loss": 0.21943825483322144, "learning_rate": 1e-05, "training_seconds": 47.270382332615554}
{"event": "progress", "seed": 701, "arm": "original", "added_update": 896, "loss": 0.12416362762451172, "learning_rate": 1e-05, "training_seconds": 54.7233009962365}
{"event": "progress", "seed": 701, "arm": "original", "added_update": 1024, "loss": 0.08681629598140717, "learning_rate": 1e-05, "training_seconds": 62.194982843473554}
{"event": "progress", "seed": 701, "arm": "original", "added_update": 1152, "loss": 0.1354796588420868, "learning_rate": 1e-05, "training_seconds": 69.6676468057558}
{"event": "progress", "seed": 701, "arm": "original", "added_update": 1280, "loss": 0.2087467610836029, "learning_rate": 1e-05, "training_seconds": 77.06228064605966}
{"event": "progress", "seed": 701, "arm": "original", "added_update": 1408, "loss": 0.10793869942426682, "learning_rate": 1e-05, "training_seconds": 84.3804784938693}
{"event": "progress", "seed": 701, "arm": "original", "added_update": 1536, "loss": 0.12858864665031433, "learning_rate": 1e-05, "training_seconds": 91.7344094584696}
{"event": "progress", "seed": 701, "arm": "original", "added_update": 1664, "loss": 0.01791786402463913, "learning_rate": 1e-05, "training_seconds": 99.25658164545894}
{"event": "progress", "seed": 701, "arm": "original", "added_update": 1792, "loss": 0.10912144929170609, "learning_rate": 1e-05, "training_seconds": 106.79812543513253}
{"event": "progress", "seed": 701, "arm": "original", "added_update": 1920, "loss": 0.12716609239578247, "learning_rate": 1e-05, "training_seconds": 114.32641061628237}
{"event": "progress", "seed": 701, "arm": "original", "added_update": 2048, "loss": 0.052988797426223755, "learning_rate": 1e-05, "training_seconds": 121.79278077092022}
{"event": "progress", "seed": 701, "arm": "original", "added_update": 2176, "loss": 0.073893703520298, "learning_rate": 1e-05, "training_seconds": 129.1773200025782}
{"event": "progress", "seed": 701, "arm": "original", "added_update": 2304, "loss": 0.05781751126050949, "learning_rate": 1e-05, "training_seconds": 136.58676201896742}
{"event": "progress", "seed": 701, "arm": "original", "added_update": 2432, "loss": 0.018268175423145294, "learning_rate": 1e-05, "training_seconds": 144.0461614364758}
{"event": "progress", "seed": 701, "arm": "original", "added_update": 2560, "loss": 0.02650129422545433, "learning_rate": 1e-05, "training_seconds": 151.46934406878427}
{"event": "progress", "seed": 701, "arm": "original", "added_update": 2688, "loss": 0.017802871763706207, "learning_rate": 1e-05, "training_seconds": 158.83666267665103}
{"event": "progress", "seed": 701, "arm": "original", "added_update": 2816, "loss": 0.01832154206931591, "learning_rate": 1e-05, "training_seconds": 166.31444238964468}
{"event": "progress", "seed": 701, "arm": "original", "added_update": 2944, "loss": 0.07030858844518661, "learning_rate": 1e-05, "training_seconds": 173.82579063111916}
{"event": "progress", "seed": 701, "arm": "original", "added_update": 3072, "loss": 0.12194353342056274, "learning_rate": 1e-05, "training_seconds": 181.3276128694415}
{"event": "progress", "seed": 701, "arm": "original", "added_update": 3200, "loss": 0.014488112181425095, "learning_rate": 1e-05, "training_seconds": 188.81253801239654}
{"event": "progress", "seed": 701, "arm": "original", "added_update": 3328, "loss": 0.027034280821681023, "learning_rate": 1e-05, "training_seconds": 196.2813831702806}
{"event": "progress", "seed": 701, "arm": "original", "added_update": 3456, "loss": 0.05162893235683441, "learning_rate": 1e-05, "training_seconds": 203.75135784316808}
{"event": "progress", "seed": 701, "arm": "original", "added_update": 3584, "loss": 0.030142251402139664, "learning_rate": 1e-05, "training_seconds": 211.31554234493524}
{"event": "progress", "seed": 701, "arm": "original", "added_update": 3712, "loss": 0.007307335268706083, "learning_rate": 1e-05, "training_seconds": 218.79161919420585}
{"event": "progress", "seed": 701, "arm": "original", "added_update": 3840, "loss": 0.017326796427369118, "learning_rate": 1e-05, "training_seconds": 226.25174910435453}
{"event": "progress", "seed": 701, "arm": "original", "added_update": 3968, "loss": 0.023469414561986923, "learning_rate": 1e-05, "training_seconds": 233.74791781883687}
{"event": "progress", "seed": 701, "arm": "original", "added_update": 4096, "loss": 0.02823825553059578, "learning_rate": 1e-05, "training_seconds": 241.25090912450105}
{"event": "endpoint_complete", "seed": 701, "arm": "original", "added_update": 4096, "training_seconds": 241.25090912450105, "evaluation_seconds": 40.44310552626848}
{"event": "progress", "seed": 701, "arm": "context", "added_update": 128, "loss": 1.3561441898345947, "learning_rate": 1e-05, "training_seconds": 10.30368712125346}
{"event": "progress", "seed": 701, "arm": "context", "added_update": 256, "loss": 0.8273198008537292, "learning_rate": 1e-05, "training_seconds": 20.625290224328637}
{"event": "progress", "seed": 701, "arm": "context", "added_update": 384, "loss": 0.2157854437828064, "learning_rate": 1e-05, "training_seconds": 30.938239576295018}
{"event": "progress", "seed": 701, "arm": "context", "added_update": 512, "loss": 0.24688096344470978, "learning_rate": 1e-05, "training_seconds": 41.250513166189194}
{"event": "progress", "seed": 701, "arm": "context", "added_update": 640, "loss": 0.5146071910858154, "learning_rate": 1e-05, "training_seconds": 51.56624213932082}
{"event": "progress", "seed": 701, "arm": "context", "added_update": 768, "loss": 0.23320963978767395, "learning_rate": 1e-05, "training_seconds": 61.89960791077465}
{"event": "progress", "seed": 701, "arm": "context", "added_update": 896, "loss": 0.14523819088935852, "learning_rate": 1e-05, "training_seconds": 72.21047430997714}
{"event": "progress", "seed": 701, "arm": "context", "added_update": 1024, "loss": 0.12084170430898666, "learning_rate": 1e-05, "training_seconds": 82.54678020998836}
{"event": "progress", "seed": 701, "arm": "context", "added_update": 1152, "loss": 0.14978861808776855, "learning_rate": 1e-05, "training_seconds": 92.88045519636944}
{"event": "progress", "seed": 701, "arm": "context", "added_update": 1280, "loss": 0.20925864577293396, "learning_rate": 1e-05, "training_seconds": 103.20520971389487}
{"event": "progress", "seed": 701, "arm": "context", "added_update": 1408, "loss": 0.12874926626682281, "learning_rate": 1e-05, "training_seconds": 113.48207268444821}
{"event": "progress", "seed": 701, "arm": "context", "added_update": 1536, "loss": 0.14152675867080688, "learning_rate": 1e-05, "training_seconds": 123.83888891758397}
{"event": "progress", "seed": 701, "arm": "context", "added_update": 1664, "loss": 0.02013741061091423, "learning_rate": 1e-05, "training_seconds": 134.22980844369158}
{"event": "progress", "seed": 701, "arm": "context", "added_update": 1792, "loss": 0.09216798841953278, "learning_rate": 1e-05, "training_seconds": 144.66329085174948}
{"event": "progress", "seed": 701, "arm": "context", "added_update": 1920, "loss": 0.10714100301265717, "learning_rate": 1e-05, "training_seconds": 154.9909226829186}
{"event": "progress", "seed": 701, "arm": "context", "added_update": 2048, "loss": 0.04970806464552879, "learning_rate": 1e-05, "training_seconds": 165.3309878865257}
{"event": "progress", "seed": 701, "arm": "context", "added_update": 2176, "loss": 0.06772095710039139, "learning_rate": 1e-05, "training_seconds": 175.68763759173453}
{"event": "progress", "seed": 701, "arm": "context", "added_update": 2304, "loss": 0.054895296692848206, "learning_rate": 1e-05, "training_seconds": 186.02551907207817}
{"event": "progress", "seed": 701, "arm": "context", "added_update": 2432, "loss": 0.02001587115228176, "learning_rate": 1e-05, "training_seconds": 196.38471457688138}
{"event": "progress", "seed": 701, "arm": "context", "added_update": 2560, "loss": 0.02995505928993225, "learning_rate": 1e-05, "training_seconds": 206.77299867896363}
{"event": "progress", "seed": 701, "arm": "context", "added_update": 2688, "loss": 0.02663290873169899, "learning_rate": 1e-05, "training_seconds": 217.12838485557586}
{"event": "progress", "seed": 701, "arm": "context", "added_update": 2816, "loss": 0.019311951473355293, "learning_rate": 1e-05, "training_seconds": 227.50161787914112}
{"event": "progress", "seed": 701, "arm": "context", "added_update": 2944, "loss": 0.07350243628025055, "learning_rate": 1e-05, "training_seconds": 237.88822374353185}
{"event": "progress", "seed": 701, "arm": "context", "added_update": 3072, "loss": 0.10538537800312042, "learning_rate": 1e-05, "training_seconds": 248.26473810942844}
{"event": "progress", "seed": 701, "arm": "context", "added_update": 3200, "loss": 0.011748122051358223, "learning_rate": 1e-05, "training_seconds": 258.6143646822311}
{"event": "progress", "seed": 701, "arm": "context", "added_update": 3328, "loss": 0.023414023220539093, "learning_rate": 1e-05, "training_seconds": 268.9296115464531}
{"event": "progress", "seed": 701, "arm": "context", "added_update": 3456, "loss": 0.024164605885744095, "learning_rate": 1e-05, "training_seconds": 279.30450231488794}
{"event": "progress", "seed": 701, "arm": "context", "added_update": 3584, "loss": 0.03525427728891373, "learning_rate": 1e-05, "training_seconds": 289.7088738810271}
{"event": "progress", "seed": 701, "arm": "context", "added_update": 3712, "loss": 0.009132904931902885, "learning_rate": 1e-05, "training_seconds": 300.0970538132824}
{"event": "progress", "seed": 701, "arm": "context", "added_update": 3840, "loss": 0.01192504446953535, "learning_rate": 1e-05, "training_seconds": 310.4751977021806}
{"event": "progress", "seed": 701, "arm": "context", "added_update": 3968, "loss": 0.017169605940580368, "learning_rate": 1e-05, "training_seconds": 320.88364699389786}
{"event": "progress", "seed": 701, "arm": "context", "added_update": 4096, "loss": 0.01874895766377449, "learning_rate": 1e-05, "training_seconds": 331.3215681114234}
{"event": "endpoint_complete", "seed": 701, "arm": "context", "added_update": 4096, "training_seconds": 331.3215681114234, "evaluation_seconds": 45.11250153882429}
{"event": "progress", "seed": 701, "arm": "record", "added_update": 128, "loss": 0.3331141173839569, "learning_rate": 0.0003, "training_seconds": 5.681359802838415}
{"event": "progress", "seed": 701, "arm": "record", "added_update": 256, "loss": 0.13619183003902435, "learning_rate": 0.0002993073586579058, "training_seconds": 11.337663226295263}
{"event": "progress", "seed": 701, "arm": "record", "added_update": 384, "loss": 0.06883805990219116, "learning_rate": 0.0002972365420690867, "training_seconds": 17.004936709534377}
{"event": "progress", "seed": 701, "arm": "record", "added_update": 512, "loss": 0.0704772025346756, "learning_rate": 0.0002938087996140066, "training_seconds": 22.675294179469347}
{"event": "progress", "seed": 701, "arm": "record", "added_update": 640, "loss": 0.02824958600103855, "learning_rate": 0.0002890593045687311, "training_seconds": 28.345529454294592}
{"event": "progress", "seed": 701, "arm": "record", "added_update": 768, "loss": 0.03726726397871971, "learning_rate": 0.00028303679317951856, "training_seconds": 34.01538888178766}
{"event": "progress", "seed": 701, "arm": "record", "added_update": 896, "loss": 0.034918539226055145, "learning_rate": 0.00027580306456298227, "training_seconds": 39.67138382419944}
{"event": "progress", "seed": 701, "arm": "record", "added_update": 1024, "loss": 0.03844202309846878, "learning_rate": 0.00026743234656352675, "training_seconds": 45.34730599215254}
{"event": "progress", "seed": 701, "arm": "record", "added_update": 1152, "loss": 0.010008334182202816, "learning_rate": 0.0002580105340752177, "training_seconds": 51.029306386597455}
{"event": "progress", "seed": 701, "arm": "record", "added_update": 1280, "loss": 0.017861858010292053, "learning_rate": 0.00024763430764393446, "training_seconds": 56.7579630324617}
{"event": "progress", "seed": 701, "arm": "record", "added_update": 1408, "loss": 0.002762680407613516, "learning_rate": 0.00023641014139413988, "training_seconds": 62.56045161932707}
{"event": "progress", "seed": 701, "arm": "record", "added_update": 1536, "loss": 0.0368383564054966, "learning_rate": 0.0002244532104602806, "training_seconds": 68.38409971352667}
{"event": "progress", "seed": 701, "arm": "record", "added_update": 1664, "loss": 0.017562981694936752, "learning_rate": 0.00021188620913405068, "training_seconds": 74.2020181179978}
{"event": "progress", "seed": 701, "arm": "record", "added_update": 1792, "loss": 0.01611305959522724, "learning_rate": 0.00019883809185492724, "training_seconds": 80.03209145972505}
{"event": "progress", "seed": 701, "arm": "record", "added_update": 1920, "loss": 0.005168861709535122, "learning_rate": 0.00018544274996311783, "training_seconds": 85.8381723719649}
{"event": "progress", "seed": 701, "arm": "record", "added_update": 2048, "loss": 0.008450648747384548, "learning_rate": 0.0001718376377932262, "training_seconds": 91.66256226086989}
{"event": "progress", "seed": 701, "arm": "record", "added_update": 2176, "loss": 0.000987698440439999, "learning_rate": 0.00015816236220677376, "training_seconds": 97.4919305332005}
{"event": "progress", "seed": 701, "arm": "record", "added_update": 2304, "loss": 0.0018314453773200512, "learning_rate": 0.00014455725003688211, "training_seconds": 103.29729130631313}
{"event": "progress", "seed": 701, "arm": "record", "added_update": 2432, "loss": 0.0034814265090972185, "learning_rate": 0.00013116190814507273, "training_seconds": 109.10652990173548}
{"event": "progress", "seed": 701, "arm": "record", "added_update": 2560, "loss": 0.005432309582829475, "learning_rate": 0.00011811379086594925, "training_seconds": 114.92530795978382}
{"event": "progress", "seed": 701, "arm": "record", "added_update": 2688, "loss": 0.004733449779450893, "learning_rate": 0.00010554678953971934, "training_seconds": 120.73341620480642}
{"event": "progress", "seed": 701, "arm": "record", "added_update": 2816, "loss": 0.00011896515206899494, "learning_rate": 9.358985860586005e-05, "training_seconds": 126.56487806746736}
{"event": "progress", "seed": 701, "arm": "record", "added_update": 2944, "loss": 0.0004349476075731218, "learning_rate": 8.236569235606555e-05, "training_seconds": 132.3802655604668}
{"event": "progress", "seed": 701, "arm": "record", "added_update": 3072, "loss": 0.00036710689892061055, "learning_rate": 7.198946592478235e-05, "training_seconds": 138.20885224826634}
{"event": "progress", "seed": 701, "arm": "record", "added_update": 3200, "loss": 0.00017372818547300994, "learning_rate": 6.256765343647322e-05, "training_seconds": 144.01745428005233}
{"event": "progress", "seed": 701, "arm": "record", "added_update": 3328, "loss": 0.00039803277468308806, "learning_rate": 5.4196935437017696e-05, "training_seconds": 149.82746404316276}
{"event": "progress", "seed": 701, "arm": "record", "added_update": 3456, "loss": 0.0001915936591103673, "learning_rate": 4.696320682048141e-05, "training_seconds": 155.64183112373576}
{"event": "progress", "seed": 701, "arm": "record", "added_update": 3584, "loss": 0.00012409762712195516, "learning_rate": 4.094069543126887e-05, "training_seconds": 161.44624345516786}
{"event": "progress", "seed": 701, "arm": "record", "added_update": 3712, "loss": 0.00025926425587385893, "learning_rate": 3.619120038599341e-05, "training_seconds": 167.26509858528152}
{"event": "progress", "seed": 701, "arm": "record", "added_update": 3840, "loss": 0.00021637343161273748, "learning_rate": 3.2763457930913246e-05, "training_seconds": 173.06166369467974}
{"event": "progress", "seed": 701, "arm": "record", "added_update": 3968, "loss": 0.00013367092469707131, "learning_rate": 3.069264134209417e-05, "training_seconds": 178.8783145295456}
{"event": "progress", "seed": 701, "arm": "record", "added_update": 4096, "loss": 0.0001326285710092634, "learning_rate": 3e-05, "training_seconds": 184.71391133079305}
{"event": "endpoint_complete", "seed": 701, "arm": "record", "added_update": 4096, "training_seconds": 184.71391133079305, "evaluation_seconds": 44.505088155157864}
{"event": "progress", "seed": 702, "arm": "original", "added_update": 128, "loss": 1.0384470224380493, "learning_rate": 1e-05, "training_seconds": 7.539397655054927}
{"event": "progress", "seed": 702, "arm": "original", "added_update": 256, "loss": 0.8948841691017151, "learning_rate": 1e-05, "training_seconds": 15.084165838547051}
{"event": "progress", "seed": 702, "arm": "original", "added_update": 384, "loss": 0.23299135267734528, "learning_rate": 1e-05, "training_seconds": 22.60642635030672}
{"event": "progress", "seed": 702, "arm": "original", "added_update": 512, "loss": 0.20753364264965057, "learning_rate": 1e-05, "training_seconds": 30.125367138069123}
{"event": "progress", "seed": 702, "arm": "original", "added_update": 640, "loss": 0.519291877746582, "learning_rate": 1e-05, "training_seconds": 37.656497796066105}
{"event": "progress", "seed": 702, "arm": "original", "added_update": 768, "loss": 0.17312033474445343, "learning_rate": 1e-05, "training_seconds": 45.2016462655738}
{"event": "progress", "seed": 702, "arm": "original", "added_update": 896, "loss": 0.13016092777252197, "learning_rate": 1e-05, "training_seconds": 52.73487764131278}
{"event": "progress", "seed": 702, "arm": "original", "added_update": 1024, "loss": 0.10534455627202988, "learning_rate": 1e-05, "training_seconds": 60.224987253546715}
{"event": "progress", "seed": 702, "arm": "original", "added_update": 1152, "loss": 0.14985333383083344, "learning_rate": 1e-05, "training_seconds": 67.65280897822231}
{"event": "progress", "seed": 702, "arm": "original", "added_update": 1280, "loss": 0.13944734632968903, "learning_rate": 1e-05, "training_seconds": 75.2335345861502}
{"event": "progress", "seed": 702, "arm": "original", "added_update": 1408, "loss": 0.16579309105873108, "learning_rate": 1e-05, "training_seconds": 82.81480275746435}
{"event": "progress", "seed": 702, "arm": "original", "added_update": 1536, "loss": 0.14891614019870758, "learning_rate": 1e-05, "training_seconds": 90.28588470397517}
{"event": "progress", "seed": 702, "arm": "original", "added_update": 1664, "loss": 0.025136202573776245, "learning_rate": 1e-05, "training_seconds": 97.85018220450729}
{"event": "progress", "seed": 702, "arm": "original", "added_update": 1792, "loss": 0.0719645768404007, "learning_rate": 1e-05, "training_seconds": 105.43367396993563}
{"event": "progress", "seed": 702, "arm": "original", "added_update": 1920, "loss": 0.08922871202230453, "learning_rate": 1e-05, "training_seconds": 112.99726833729073}
{"event": "progress", "seed": 702, "arm": "original", "added_update": 2048, "loss": 0.07631691545248032, "learning_rate": 1e-05, "training_seconds": 120.5979940444231}
{"event": "progress", "seed": 702, "arm": "original", "added_update": 2176, "loss": 0.05592205747961998, "learning_rate": 1e-05, "training_seconds": 128.18527136929333}
{"event": "progress", "seed": 702, "arm": "original", "added_update": 2304, "loss": 0.0388900488615036, "learning_rate": 1e-05, "training_seconds": 135.71601929422468}
{"event": "progress", "seed": 702, "arm": "original", "added_update": 2432, "loss": 0.022788088768720627, "learning_rate": 1e-05, "training_seconds": 143.240994987078}
{"event": "progress", "seed": 702, "arm": "original", "added_update": 2560, "loss": 0.04216373339295387, "learning_rate": 1e-05, "training_seconds": 150.77570926211774}
{"event": "progress", "seed": 702, "arm": "original", "added_update": 2688, "loss": 0.014488624408841133, "learning_rate": 1e-05, "training_seconds": 158.33501695655286}
{"event": "progress", "seed": 702, "arm": "original", "added_update": 2816, "loss": 0.021501963958144188, "learning_rate": 1e-05, "training_seconds": 165.89812743896618}
{"event": "progress", "seed": 702, "arm": "original", "added_update": 2944, "loss": 0.02624433860182762, "learning_rate": 1e-05, "training_seconds": 173.4491932252422}
{"event": "progress", "seed": 702, "arm": "original", "added_update": 3072, "loss": 0.0750720202922821, "learning_rate": 1e-05, "training_seconds": 180.91943025775254}
{"event": "progress", "seed": 702, "arm": "original", "added_update": 3200, "loss": 0.0070777758955955505, "learning_rate": 1e-05, "training_seconds": 188.39090977190062}
{"event": "progress", "seed": 702, "arm": "original", "added_update": 3328, "loss": 0.025330757722258568, "learning_rate": 1e-05, "training_seconds": 195.87418185500428}
{"event": "progress", "seed": 702, "arm": "original", "added_update": 3456, "loss": 0.012675590813159943, "learning_rate": 1e-05, "training_seconds": 203.36242291657254}
{"event": "progress", "seed": 702, "arm": "original", "added_update": 3584, "loss": 0.042636509984731674, "learning_rate": 1e-05, "training_seconds": 210.8912210892886}
{"event": "progress", "seed": 702, "arm": "original", "added_update": 3712, "loss": 0.01175709068775177, "learning_rate": 1e-05, "training_seconds": 218.45269264653325}
{"event": "progress", "seed": 702, "arm": "original", "added_update": 3840, "loss": 0.009387673810124397, "learning_rate": 1e-05, "training_seconds": 225.97554880660027}
{"event": "progress", "seed": 702, "arm": "original", "added_update": 3968, "loss": 0.011094183661043644, "learning_rate": 1e-05, "training_seconds": 233.50961504457518}
{"event": "progress", "seed": 702, "arm": "original", "added_update": 4096, "loss": 0.015757689252495766, "learning_rate": 1e-05, "training_seconds": 241.10388187505305}
{"event": "endpoint_complete", "seed": 702, "arm": "original", "added_update": 4096, "training_seconds": 241.10388187505305, "evaluation_seconds": 33.35139159485698}
{"event": "progress", "seed": 702, "arm": "context", "added_update": 128, "loss": 1.0928717851638794, "learning_rate": 1e-05, "training_seconds": 10.305432548746467}
{"event": "progress", "seed": 702, "arm": "context", "added_update": 256, "loss": 0.951663613319397, "learning_rate": 1e-05, "training_seconds": 20.702122835442424}
{"event": "progress", "seed": 702, "arm": "context", "added_update": 384, "loss": 0.2536047101020813, "learning_rate": 1e-05, "training_seconds": 31.07970985164866}
{"event": "progress", "seed": 702, "arm": "context", "added_update": 512, "loss": 0.23698464035987854, "learning_rate": 1e-05, "training_seconds": 41.43830174859613}
{"event": "progress", "seed": 702, "arm": "context", "added_update": 640, "loss": 0.5844476819038391, "learning_rate": 1e-05, "training_seconds": 51.846875892952085}
{"event": "progress", "seed": 702, "arm": "context", "added_update": 768, "loss": 0.15797743201255798, "learning_rate": 1e-05, "training_seconds": 62.506283425260335}
{"event": "progress", "seed": 702, "arm": "context", "added_update": 896, "loss": 0.1198192834854126, "learning_rate": 1e-05, "training_seconds": 72.79019875824451}
{"event": "progress", "seed": 702, "arm": "context", "added_update": 1024, "loss": 0.14006739854812622, "learning_rate": 1e-05, "training_seconds": 83.19029677892104}
{"event": "progress", "seed": 702, "arm": "context", "added_update": 1152, "loss": 0.15061745047569275, "learning_rate": 1e-05, "training_seconds": 93.60149378096685}
{"event": "progress", "seed": 702, "arm": "context", "added_update": 1280, "loss": 0.17856016755104065, "learning_rate": 1e-05, "training_seconds": 103.90474765980616}
{"event": "progress", "seed": 702, "arm": "context", "added_update": 1408, "loss": 0.15261833369731903, "learning_rate": 1e-05, "training_seconds": 114.30103092454374}
{"event": "progress", "seed": 702, "arm": "context", "added_update": 1536, "loss": 0.1738770306110382, "learning_rate": 1e-05, "training_seconds": 124.78512098453939}
{"event": "progress", "seed": 702, "arm": "context", "added_update": 1664, "loss": 0.025917410850524902, "learning_rate": 1e-05, "training_seconds": 135.2304141423665}
{"event": "progress", "seed": 702, "arm": "context", "added_update": 1792, "loss": 0.13904385268688202, "learning_rate": 1e-05, "training_seconds": 145.7323191757314}
{"event": "progress", "seed": 702, "arm": "context", "added_update": 1920, "loss": 0.1572318971157074, "learning_rate": 1e-05, "training_seconds": 156.19980455609038}
{"event": "progress", "seed": 702, "arm": "context", "added_update": 2048, "loss": 0.07446341216564178, "learning_rate": 1e-05, "training_seconds": 166.44258405594155}
{"event": "progress", "seed": 702, "arm": "context", "added_update": 2176, "loss": 0.08886364102363586, "learning_rate": 1e-05, "training_seconds": 176.6885493840091}
{"event": "progress", "seed": 702, "arm": "context", "added_update": 2304, "loss": 0.08105581998825073, "learning_rate": 1e-05, "training_seconds": 186.89625418977812}
{"event": "progress", "seed": 702, "arm": "context", "added_update": 2432, "loss": 0.07010576874017715, "learning_rate": 1e-05, "training_seconds": 197.21320234937593}
{"event": "progress", "seed": 702, "arm": "context", "added_update": 2560, "loss": 0.10121826827526093, "learning_rate": 1e-05, "training_seconds": 207.62945530656725}
{"event": "progress", "seed": 702, "arm": "context", "added_update": 2688, "loss": 0.01851153001189232, "learning_rate": 1e-05, "training_seconds": 217.91202957509086}
{"event": "progress", "seed": 702, "arm": "context", "added_update": 2816, "loss": 0.044654153287410736, "learning_rate": 1e-05, "training_seconds": 228.20795233082026}
{"event": "progress", "seed": 702, "arm": "context", "added_update": 2944, "loss": 0.06762970238924026, "learning_rate": 1e-05, "training_seconds": 238.49126932863146}
{"event": "progress", "seed": 702, "arm": "context", "added_update": 3072, "loss": 0.06227713078260422, "learning_rate": 1e-05, "training_seconds": 248.75332866376266}
{"event": "progress", "seed": 702, "arm": "context", "added_update": 3200, "loss": 0.013915572315454483, "learning_rate": 1e-05, "training_seconds": 258.99580242298543}
{"event": "progress", "seed": 702, "arm": "context", "added_update": 3328, "loss": 0.03780901059508324, "learning_rate": 1e-05, "training_seconds": 269.22878866735846}
{"event": "progress", "seed": 702, "arm": "context", "added_update": 3456, "loss": 0.015788210555911064, "learning_rate": 1e-05, "training_seconds": 279.4908197247423}
{"event": "progress", "seed": 702, "arm": "context", "added_update": 3584, "loss": 0.049114324152469635, "learning_rate": 1e-05, "training_seconds": 289.75591994822025}
{"event": "progress", "seed": 702, "arm": "context", "added_update": 3712, "loss": 0.01171935349702835, "learning_rate": 1e-05, "training_seconds": 300.17509771697223}
{"event": "progress", "seed": 702, "arm": "context", "added_update": 3840, "loss": 0.022557120770215988, "learning_rate": 1e-05, "training_seconds": 310.7025339589454}
{"event": "progress", "seed": 702, "arm": "context", "added_update": 3968, "loss": 0.03001699224114418, "learning_rate": 1e-05, "training_seconds": 321.2182049169205}
{"event": "progress", "seed": 702, "arm": "context", "added_update": 4096, "loss": 0.03123282827436924, "learning_rate": 1e-05, "training_seconds": 331.7723082918674}
{"event": "endpoint_complete", "seed": 702, "arm": "context", "added_update": 4096, "training_seconds": 331.7723082918674, "evaluation_seconds": 41.8546827910468}
{"event": "progress", "seed": 702, "arm": "record", "added_update": 128, "loss": 0.26538676023483276, "learning_rate": 0.0003, "training_seconds": 5.837990113534033}
{"event": "progress", "seed": 702, "arm": "record", "added_update": 256, "loss": 0.11575233936309814, "learning_rate": 0.0002993073586579058, "training_seconds": 11.70211937231943}
{"event": "progress", "seed": 702, "arm": "record", "added_update": 384, "loss": 0.053581561893224716, "learning_rate": 0.0002972365420690867, "training_seconds": 17.5678233159706}
{"event": "progress", "seed": 702, "arm": "record", "added_update": 512, "loss": 0.060019735246896744, "learning_rate": 0.0002938087996140066, "training_seconds": 23.404906360898167}
{"event": "progress", "seed": 702, "arm": "record", "added_update": 640, "loss": 0.03199522942304611, "learning_rate": 0.0002890593045687311, "training_seconds": 29.236132381949574}
{"event": "progress", "seed": 702, "arm": "record", "added_update": 768, "loss": 0.020030003041028976, "learning_rate": 0.00028303679317951856, "training_seconds": 35.083410907071084}
{"event": "progress", "seed": 702, "arm": "record", "added_update": 896, "loss": 0.019873308017849922, "learning_rate": 0.00027580306456298227, "training_seconds": 40.955473847687244}
{"event": "progress", "seed": 702, "arm": "record", "added_update": 1024, "loss": 0.033366505056619644, "learning_rate": 0.00026743234656352675, "training_seconds": 46.82810478238389}
{"event": "progress", "seed": 702, "arm": "record", "added_update": 1152, "loss": 0.01383620873093605, "learning_rate": 0.0002580105340752177, "training_seconds": 52.66225984832272}
{"event": "progress", "seed": 702, "arm": "record", "added_update": 1280, "loss": 0.004117612261325121, "learning_rate": 0.00024763430764393446, "training_seconds": 58.4947806163691}
{"event": "progress", "seed": 702, "arm": "record", "added_update": 1408, "loss": 0.014101835899055004, "learning_rate": 0.00023641014139413988, "training_seconds": 64.34705251222476}
{"event": "progress", "seed": 702, "arm": "record", "added_update": 1536, "loss": 0.021133430302143097, "learning_rate": 0.0002244532104602806, "training_seconds": 70.19626384740695}
{"event": "progress", "seed": 702, "arm": "record", "added_update": 1664, "loss": 0.014155910350382328, "learning_rate": 0.00021188620913405068, "training_seconds": 76.07549723563716}
{"event": "progress", "seed": 702, "arm": "record", "added_update": 1792, "loss": 0.008894112892448902, "learning_rate": 0.00019883809185492724, "training_seconds": 81.93245210219175}
{"event": "progress", "seed": 702, "arm": "record", "added_update": 1920, "loss": 0.007118803448975086, "learning_rate": 0.00018544274996311783, "training_seconds": 87.78381257643923}
{"event": "progress", "seed": 702, "arm": "record", "added_update": 2048, "loss": 0.0018705701222643256, "learning_rate": 0.0001718376377932262, "training_seconds": 93.6202944633551}
{"event": "progress", "seed": 702, "arm": "record", "added_update": 2176, "loss": 0.0020594154484570026, "learning_rate": 0.00015816236220677376, "training_seconds": 99.46252033114433}
{"event": "progress", "seed": 702, "arm": "record", "added_update": 2304, "loss": 0.009458052925765514, "learning_rate": 0.00014455725003688211, "training_seconds": 105.25960113713518}
{"event": "progress", "seed": 702, "arm": "record", "added_update": 2432, "loss": 0.0015499095898121595, "learning_rate": 0.00013116190814507273, "training_seconds": 111.06443183775991}
{"event": "progress", "seed": 702, "arm": "record", "added_update": 2560, "loss": 0.0006542549817822874, "learning_rate": 0.00011811379086594925, "training_seconds": 116.85101225366816}
{"event": "progress", "seed": 702, "arm": "record", "added_update": 2688, "loss": 0.0025904958602041006, "learning_rate": 0.00010554678953971934, "training_seconds": 122.61255550710484}
{"event": "progress", "seed": 702, "arm": "record", "added_update": 2816, "loss": 0.0004694843664765358, "learning_rate": 9.358985860586005e-05, "training_seconds": 128.40533045772463}
{"event": "progress", "seed": 702, "arm": "record", "added_update": 2944, "loss": 0.000580779102165252, "learning_rate": 8.236569235606555e-05, "training_seconds": 134.26884364010766}
{"event": "progress", "seed": 702, "arm": "record", "added_update": 3072, "loss": 0.00047103481483645737, "learning_rate": 7.198946592478235e-05, "training_seconds": 140.1702130031772}
{"event": "progress", "seed": 702, "arm": "record", "added_update": 3200, "loss": 0.00021861250570509583, "learning_rate": 6.256765343647322e-05, "training_seconds": 146.04933574423194}
{"event": "progress", "seed": 702, "arm": "record", "added_update": 3328, "loss": 0.00027866539312526584, "learning_rate": 5.4196935437017696e-05, "training_seconds": 151.92538578948006}
{"event": "progress", "seed": 702, "arm": "record", "added_update": 3456, "loss": 0.0001863646029960364, "learning_rate": 4.696320682048141e-05, "training_seconds": 157.82162259006873}
{"event": "progress", "seed": 702, "arm": "record", "added_update": 3584, "loss": 0.0002067929890472442, "learning_rate": 4.094069543126887e-05, "training_seconds": 163.71039231820032}
{"event": "progress", "seed": 702, "arm": "record", "added_update": 3712, "loss": 0.00017587232287041843, "learning_rate": 3.619120038599341e-05, "training_seconds": 169.58171165920794}
{"event": "progress", "seed": 702, "arm": "record", "added_update": 3840, "loss": 0.00010891136480495334, "learning_rate": 3.2763457930913246e-05, "training_seconds": 175.46883701905608}
{"event": "progress", "seed": 702, "arm": "record", "added_update": 3968, "loss": 0.0001021502393996343, "learning_rate": 3.069264134209417e-05, "training_seconds": 181.3366773049347}
{"event": "progress", "seed": 702, "arm": "record", "added_update": 4096, "loss": 0.00011831110168714076, "learning_rate": 3e-05, "training_seconds": 187.20750257512555}
{"event": "endpoint_complete", "seed": 702, "arm": "record", "added_update": 4096, "training_seconds": 187.20750257512555, "evaluation_seconds": 39.98923807358369}
{"event": "progress", "seed": 703, "arm": "original", "added_update": 128, "loss": 0.9514776468276978, "learning_rate": 1e-05, "training_seconds": 7.512395406141877}
{"event": "progress", "seed": 703, "arm": "original", "added_update": 256, "loss": 0.62800133228302, "learning_rate": 1e-05, "training_seconds": 15.083741436246783}
{"event": "progress", "seed": 703, "arm": "original", "added_update": 384, "loss": 0.20977559685707092, "learning_rate": 1e-05, "training_seconds": 22.65333289047703}
{"event": "progress", "seed": 703, "arm": "original", "added_update": 512, "loss": 0.17742866277694702, "learning_rate": 1e-05, "training_seconds": 30.138078830670565}
{"event": "progress", "seed": 703, "arm": "original", "added_update": 640, "loss": 0.4059979021549225, "learning_rate": 1e-05, "training_seconds": 37.63668019557372}
{"event": "progress", "seed": 703, "arm": "original", "added_update": 768, "loss": 0.10716838389635086, "learning_rate": 1e-05, "training_seconds": 45.17039248486981}
{"event": "progress", "seed": 703, "arm": "original", "added_update": 896, "loss": 0.0991724506020546, "learning_rate": 1e-05, "training_seconds": 52.78658951725811}
{"event": "progress", "seed": 703, "arm": "original", "added_update": 1024, "loss": 0.10115547478199005, "learning_rate": 1e-05, "training_seconds": 60.3936854400672}
{"event": "progress", "seed": 703, "arm": "original", "added_update": 1152, "loss": 0.12232881784439087, "learning_rate": 1e-05, "training_seconds": 67.94810430472717}
{"event": "progress", "seed": 703, "arm": "original", "added_update": 1280, "loss": 0.16379773616790771, "learning_rate": 1e-05, "training_seconds": 75.50203851284459}
{"event": "progress", "seed": 703, "arm": "original", "added_update": 1408, "loss": 0.07525457441806793, "learning_rate": 1e-05, "training_seconds": 83.05436127167195}
{"event": "progress", "seed": 703, "arm": "original", "added_update": 1536, "loss": 0.170829638838768, "learning_rate": 1e-05, "training_seconds": 90.56944297486916}
{"event": "progress", "seed": 703, "arm": "original", "added_update": 1664, "loss": 0.014941676519811153, "learning_rate": 1e-05, "training_seconds": 98.06579303741455}
{"event": "progress", "seed": 703, "arm": "original", "added_update": 1792, "loss": 0.06502176076173782, "learning_rate": 1e-05, "training_seconds": 105.60538689326495}
{"event": "progress", "seed": 703, "arm": "original", "added_update": 1920, "loss": 0.08118913322687149, "learning_rate": 1e-05, "training_seconds": 113.18865222670138}
{"event": "progress", "seed": 703, "arm": "original", "added_update": 2048, "loss": 0.024304451420903206, "learning_rate": 1e-05, "training_seconds": 120.75886910362169}
{"event": "progress", "seed": 703, "arm": "original", "added_update": 2176, "loss": 0.02656351588666439, "learning_rate": 1e-05, "training_seconds": 128.27824562089518}
{"event": "progress", "seed": 703, "arm": "original", "added_update": 2304, "loss": 0.07030089944601059, "learning_rate": 1e-05, "training_seconds": 135.87838544417173}
{"event": "progress", "seed": 703, "arm": "original", "added_update": 2432, "loss": 0.017270930111408234, "learning_rate": 1e-05, "training_seconds": 143.4858151297085}
{"event": "progress", "seed": 703, "arm": "original", "added_update": 2560, "loss": 0.021771922707557678, "learning_rate": 1e-05, "training_seconds": 151.10227151261643}
{"event": "progress", "seed": 703, "arm": "original", "added_update": 2688, "loss": 0.010020367801189423, "learning_rate": 1e-05, "training_seconds": 158.67804154055193}
{"event": "progress", "seed": 703, "arm": "original", "added_update": 2816, "loss": 0.009060591459274292, "learning_rate": 1e-05, "training_seconds": 166.2093838523142}
{"event": "progress", "seed": 703, "arm": "original", "added_update": 2944, "loss": 0.023740185424685478, "learning_rate": 1e-05, "training_seconds": 173.66464164992794}
{"event": "progress", "seed": 703, "arm": "original", "added_update": 3072, "loss": 0.1318194568157196, "learning_rate": 1e-05, "training_seconds": 181.19564479542896}
{"event": "progress", "seed": 703, "arm": "original", "added_update": 3200, "loss": 0.006190580781549215, "learning_rate": 1e-05, "training_seconds": 188.67593037569895}
{"event": "progress", "seed": 703, "arm": "original", "added_update": 3328, "loss": 0.014566734433174133, "learning_rate": 1e-05, "training_seconds": 196.1840199045837}
{"event": "progress", "seed": 703, "arm": "original", "added_update": 3456, "loss": 0.01601918786764145, "learning_rate": 1e-05, "training_seconds": 203.6933357398957}
{"event": "progress", "seed": 703, "arm": "original", "added_update": 3584, "loss": 0.021771620959043503, "learning_rate": 1e-05, "training_seconds": 211.18566694809124}
{"event": "progress", "seed": 703, "arm": "original", "added_update": 3712, "loss": 0.014639100059866905, "learning_rate": 1e-05, "training_seconds": 218.65454372065142}
{"event": "progress", "seed": 703, "arm": "original", "added_update": 3840, "loss": 0.007494798395782709, "learning_rate": 1e-05, "training_seconds": 226.2212242120877}
{"event": "progress", "seed": 703, "arm": "original", "added_update": 3968, "loss": 0.005213944241404533, "learning_rate": 1e-05, "training_seconds": 233.7496209749952}
{"event": "progress", "seed": 703, "arm": "original", "added_update": 4096, "loss": 0.04219187796115875, "learning_rate": 1e-05, "training_seconds": 241.22236792417243}
{"event": "endpoint_complete", "seed": 703, "arm": "original", "added_update": 4096, "training_seconds": 241.22236792417243, "evaluation_seconds": 38.17043154640123}
{"event": "progress", "seed": 703, "arm": "context", "added_update": 128, "loss": 1.0817396640777588, "learning_rate": 1e-05, "training_seconds": 10.345235833432525}
{"event": "progress", "seed": 703, "arm": "context", "added_update": 256, "loss": 0.7542910575866699, "learning_rate": 1e-05, "training_seconds": 20.746892099734396}
{"event": "progress", "seed": 703, "arm": "context", "added_update": 384, "loss": 0.214583158493042, "learning_rate": 1e-05, "training_seconds": 31.144202625378966}
{"event": "progress", "seed": 703, "arm": "context", "added_update": 512, "loss": 0.19211345911026, "learning_rate": 1e-05, "training_seconds": 41.51940530585125}
{"event": "progress", "seed": 703, "arm": "context", "added_update": 640, "loss": 0.45737913250923157, "learning_rate": 1e-05, "training_seconds": 51.78453564224765}
{"event": "progress", "seed": 703, "arm": "context", "added_update": 768, "loss": 0.12173546850681305, "learning_rate": 1e-05, "training_seconds": 62.04757015919313}
{"event": "progress", "seed": 703, "arm": "context", "added_update": 896, "loss": 0.11891702562570572, "learning_rate": 1e-05, "training_seconds": 72.29644324677065}
{"event": "progress", "seed": 703, "arm": "context", "added_update": 1024, "loss": 0.13227644562721252, "learning_rate": 1e-05, "training_seconds": 82.56252841185778}
{"event": "progress", "seed": 703, "arm": "context", "added_update": 1152, "loss": 0.1257527768611908, "learning_rate": 1e-05, "training_seconds": 92.82112106494606}
{"event": "progress", "seed": 703, "arm": "context", "added_update": 1280, "loss": 0.1967504620552063, "learning_rate": 1e-05, "training_seconds": 103.15421859780326}
{"event": "progress", "seed": 703, "arm": "context", "added_update": 1408, "loss": 0.07315155863761902, "learning_rate": 1e-05, "training_seconds": 113.51206354796886}
{"event": "progress", "seed": 703, "arm": "context", "added_update": 1536, "loss": 0.16536027193069458, "learning_rate": 1e-05, "training_seconds": 123.7873874171637}
{"event": "progress", "seed": 703, "arm": "context", "added_update": 1664, "loss": 0.01568848267197609, "learning_rate": 1e-05, "training_seconds": 134.1693831901066}
{"event": "progress", "seed": 703, "arm": "context", "added_update": 1792, "loss": 0.04627542942762375, "learning_rate": 1e-05, "training_seconds": 144.55782773066312}
{"event": "progress", "seed": 703, "arm": "context", "added_update": 1920, "loss": 0.10497014224529266, "learning_rate": 1e-05, "training_seconds": 154.95483876718208}
{"event": "progress", "seed": 703, "arm": "context", "added_update": 2048, "loss": 0.03335306793451309, "learning_rate": 1e-05, "training_seconds": 165.31072082417086}
{"event": "progress", "seed": 703, "arm": "context", "added_update": 2176, "loss": 0.03508942946791649, "learning_rate": 1e-05, "training_seconds": 175.60356132453308}
{"event": "progress", "seed": 703, "arm": "context", "added_update": 2304, "loss": 0.050511181354522705, "learning_rate": 1e-05, "training_seconds": 185.89964275015518}
{"event": "progress", "seed": 703, "arm": "context", "added_update": 2432, "loss": 0.015835754573345184, "learning_rate": 1e-05, "training_seconds": 196.16612334689125}
{"event": "progress", "seed": 703, "arm": "context", "added_update": 2560, "loss": 0.0437188483774662, "learning_rate": 1e-05, "training_seconds": 206.446142680943}
{"event": "progress", "seed": 703, "arm": "context", "added_update": 2688, "loss": 0.016921043395996094, "learning_rate": 1e-05, "training_seconds": 216.75461213989183}
{"event": "progress", "seed": 703, "arm": "context", "added_update": 2816, "loss": 0.009948240593075752, "learning_rate": 1e-05, "training_seconds": 227.15283597959206}
{"event": "progress", "seed": 703, "arm": "context", "added_update": 2944, "loss": 0.023462852463126183, "learning_rate": 1e-05, "training_seconds": 237.5109206275083}
{"event": "progress", "seed": 703, "arm": "context", "added_update": 3072, "loss": 0.16495656967163086, "learning_rate": 1e-05, "training_seconds": 247.86998747382313}
{"event": "progress", "seed": 703, "arm": "context", "added_update": 3200, "loss": 0.004916537087410688, "learning_rate": 1e-05, "training_seconds": 258.2078697695397}
{"event": "progress", "seed": 703, "arm": "context", "added_update": 3328, "loss": 0.015441235154867172, "learning_rate": 1e-05, "training_seconds": 268.55970888445154}
{"event": "progress", "seed": 703, "arm": "context", "added_update": 3456, "loss": 0.014707333408296108, "learning_rate": 1e-05, "training_seconds": 278.9253904451616}
{"event": "progress", "seed": 703, "arm": "context", "added_update": 3584, "loss": 0.020282357931137085, "learning_rate": 1e-05, "training_seconds": 289.26828360324726}
{"event": "progress", "seed": 703, "arm": "context", "added_update": 3712, "loss": 0.007461636792868376, "learning_rate": 1e-05, "training_seconds": 299.6093799318187}
{"event": "progress", "seed": 703, "arm": "context", "added_update": 3840, "loss": 0.006985927000641823, "learning_rate": 1e-05, "training_seconds": 309.9483894226141}
{"event": "progress", "seed": 703, "arm": "context", "added_update": 3968, "loss": 0.00407483009621501, "learning_rate": 1e-05, "training_seconds": 320.3246737634763}
{"event": "progress", "seed": 703, "arm": "context", "added_update": 4096, "loss": 0.019204270094633102, "learning_rate": 1e-05, "training_seconds": 330.7936395625584}
{"event": "endpoint_complete", "seed": 703, "arm": "context", "added_update": 4096, "training_seconds": 330.7936395625584, "evaluation_seconds": 43.832442249171436}
{"event": "progress", "seed": 703, "arm": "record", "added_update": 128, "loss": 0.26965898275375366, "learning_rate": 0.0003, "training_seconds": 5.738516612909734}
{"event": "progress", "seed": 703, "arm": "record", "added_update": 256, "loss": 0.13075624406337738, "learning_rate": 0.0002993073586579058, "training_seconds": 11.473854387644678}
{"event": "progress", "seed": 703, "arm": "record", "added_update": 384, "loss": 0.05381430685520172, "learning_rate": 0.0002972365420690867, "training_seconds": 17.21412084484473}
{"event": "progress", "seed": 703, "arm": "record", "added_update": 512, "loss": 0.06687279045581818, "learning_rate": 0.0002938087996140066, "training_seconds": 22.979309003334492}
{"event": "progress", "seed": 703, "arm": "record", "added_update": 640, "loss": 0.04037608206272125, "learning_rate": 0.0002890593045687311, "training_seconds": 28.76409303350374}
{"event": "progress", "seed": 703, "arm": "record", "added_update": 768, "loss": 0.02229083701968193, "learning_rate": 0.00028303679317951856, "training_seconds": 34.546063808724284}
{"event": "progress", "seed": 703, "arm": "record", "added_update": 896, "loss": 0.018869316205382347, "learning_rate": 0.00027580306456298227, "training_seconds": 40.32838110579178}
{"event": "progress", "seed": 703, "arm": "record", "added_update": 1024, "loss": 0.019237704575061798, "learning_rate": 0.00026743234656352675, "training_seconds": 46.149217028636485}
{"event": "progress", "seed": 703, "arm": "record", "added_update": 1152, "loss": 0.018015341833233833, "learning_rate": 0.0002580105340752177, "training_seconds": 51.937396510504186}
{"event": "progress", "seed": 703, "arm": "record", "added_update": 1280, "loss": 0.00621015764772892, "learning_rate": 0.00024763430764393446, "training_seconds": 57.722930839750916}
{"event": "progress", "seed": 703, "arm": "record", "added_update": 1408, "loss": 0.005333520006388426, "learning_rate": 0.00023641014139413988, "training_seconds": 63.49776562675834}
{"event": "progress", "seed": 703, "arm": "record", "added_update": 1536, "loss": 0.040256328880786896, "learning_rate": 0.0002244532104602806, "training_seconds": 69.28513752389699}
{"event": "progress", "seed": 703, "arm": "record", "added_update": 1664, "loss": 0.007893899455666542, "learning_rate": 0.00021188620913405068, "training_seconds": 75.07199021941051}
{"event": "progress", "seed": 703, "arm": "record", "added_update": 1792, "loss": 0.005302798934280872, "learning_rate": 0.00019883809185492724, "training_seconds": 80.87467100610957}
{"event": "progress", "seed": 703, "arm": "record", "added_update": 1920, "loss": 0.010251058265566826, "learning_rate": 0.00018544274996311783, "training_seconds": 86.65888969274238}
{"event": "progress", "seed": 703, "arm": "record", "added_update": 2048, "loss": 0.004164218436926603, "learning_rate": 0.0001718376377932262, "training_seconds": 92.45282710855827}
{"event": "progress", "seed": 703, "arm": "record", "added_update": 2176, "loss": 0.0034537448082119226, "learning_rate": 0.00015816236220677376, "training_seconds": 98.24086667271331}
{"event": "progress", "seed": 703, "arm": "record", "added_update": 2304, "loss": 0.0033960023429244757, "learning_rate": 0.00014455725003688211, "training_seconds": 104.02950315224007}
{"event": "progress", "seed": 703, "arm": "record", "added_update": 2432, "loss": 0.003543579950928688, "learning_rate": 0.00013116190814507273, "training_seconds": 109.82723772991449}
{"event": "progress", "seed": 703, "arm": "record", "added_update": 2560, "loss": 0.0017344338120892644, "learning_rate": 0.00011811379086594925, "training_seconds": 115.61507701314986}
{"event": "progress", "seed": 703, "arm": "record", "added_update": 2688, "loss": 0.0038008205592632294, "learning_rate": 0.00010554678953971934, "training_seconds": 121.40953065734357}
{"event": "progress", "seed": 703, "arm": "record", "added_update": 2816, "loss": 0.000192194216651842, "learning_rate": 9.358985860586005e-05, "training_seconds": 127.2094380762428}
{"event": "progress", "seed": 703, "arm": "record", "added_update": 2944, "loss": 0.0006979993777349591, "learning_rate": 8.236569235606555e-05, "training_seconds": 133.00057320250198}
{"event": "progress", "seed": 703, "arm": "record", "added_update": 3072, "loss": 0.0028143448289483786, "learning_rate": 7.198946592478235e-05, "training_seconds": 138.78739319834858}
{"event": "progress", "seed": 703, "arm": "record", "added_update": 3200, "loss": 0.000945196661632508, "learning_rate": 6.256765343647322e-05, "training_seconds": 144.5808034366928}
{"event": "progress", "seed": 703, "arm": "record", "added_update": 3328, "loss": 0.0011520320549607277, "learning_rate": 5.4196935437017696e-05, "training_seconds": 150.33882877556607}
{"event": "progress", "seed": 703, "arm": "record", "added_update": 3456, "loss": 0.0005311989807523787, "learning_rate": 4.696320682048141e-05, "training_seconds": 156.0230833175592}
{"event": "progress", "seed": 703, "arm": "record", "added_update": 3584, "loss": 0.00011469244782347232, "learning_rate": 4.094069543126887e-05, "training_seconds": 161.8005161387846}
{"event": "progress", "seed": 703, "arm": "record", "added_update": 3712, "loss": 0.00028317765099927783, "learning_rate": 3.619120038599341e-05, "training_seconds": 167.6099863438867}
{"event": "progress", "seed": 703, "arm": "record", "added_update": 3840, "loss": 0.00013295345706865191, "learning_rate": 3.2763457930913246e-05, "training_seconds": 173.41825299430639}
{"event": "progress", "seed": 703, "arm": "record", "added_update": 3968, "loss": 0.0001239525736309588, "learning_rate": 3.069264134209417e-05, "training_seconds": 179.26316431723535}
{"event": "progress", "seed": 703, "arm": "record", "added_update": 4096, "loss": 0.00014240638120099902, "learning_rate": 3e-05, "training_seconds": 185.10491822613403}
{"event": "endpoint_complete", "seed": 703, "arm": "record", "added_update": 4096, "training_seconds": 185.10491822613403, "evaluation_seconds": 41.68672350933775}
